Archive member included because of file (symbol)

/home/defaultuser/nibolib/lib/libnibo2.a(display.o)
                              ./src/display/advDisplay.o (display_init)
/home/defaultuser/nibolib/lib/libnibo2.a(pwm.o)
                              ./src/Application.o (pwm_init)
/home/defaultuser/nibolib/lib/libnibo2.a(delay.o)
                              ./src/display/advDisplay.o (delay)
/home/defaultuser/nibolib/lib/libnibo2.a(spi.o)
                              ./src/Application.o (spi_init)
/home/defaultuser/nibolib/lib/libnibo2.a(gfx.o)
                              ./src/display/advDisplay.o (gfx_init)
/home/defaultuser/nibolib/lib/libnibo2.a(copro.o)
                              ./src/Application.o (copro_update)
/home/defaultuser/nibolib/lib/libnibo2.a(bot.o)
                              ./src/display/advDisplay.o (bot_update)
/home/defaultuser/nibolib/lib/libnibo2.a(leds.o)
                              ./src/Application.o (leds_init)
/home/defaultuser/nibolib/lib/libnibo2.a(sound.o)
                              ./src/Application.o (sound_init)
/home/defaultuser/nibolib/lib/libnibo2.a(adc.o)
                              /home/defaultuser/nibolib/lib/libnibo2.a(bot.o) (adc_read)
/usr/lib/gcc/avr/4.3.4/../../../avr/lib/avr51/libm.a(addsf3.o)
                              ./src/display/advDisplay.o (__subsf3)
/usr/lib/gcc/avr/4.3.4/../../../avr/lib/avr51/libm.a(addsf3x.o)
                              /usr/lib/gcc/avr/4.3.4/../../../avr/lib/avr51/libm.a(addsf3.o) (__addsf3x)
/usr/lib/gcc/avr/4.3.4/../../../avr/lib/avr51/libm.a(floatsisf.o)
                              ./src/display/advDisplay.o (__floatunsisf)
/usr/lib/gcc/avr/4.3.4/../../../avr/lib/avr51/libm.a(fp_inf.o)
                              /usr/lib/gcc/avr/4.3.4/../../../avr/lib/avr51/libm.a(addsf3x.o) (__fp_inf)
/usr/lib/gcc/avr/4.3.4/../../../avr/lib/avr51/libm.a(fp_nan.o)
                              /usr/lib/gcc/avr/4.3.4/../../../avr/lib/avr51/libm.a(addsf3x.o) (__fp_nan)
/usr/lib/gcc/avr/4.3.4/../../../avr/lib/avr51/libm.a(fp_pscA.o)
                              /usr/lib/gcc/avr/4.3.4/../../../avr/lib/avr51/libm.a(addsf3x.o) (__fp_pscA)
/usr/lib/gcc/avr/4.3.4/../../../avr/lib/avr51/libm.a(fp_pscB.o)
                              /usr/lib/gcc/avr/4.3.4/../../../avr/lib/avr51/libm.a(addsf3x.o) (__fp_pscB)
/usr/lib/gcc/avr/4.3.4/../../../avr/lib/avr51/libm.a(fp_round.o)
                              /usr/lib/gcc/avr/4.3.4/../../../avr/lib/avr51/libm.a(addsf3.o) (__fp_round)
/usr/lib/gcc/avr/4.3.4/../../../avr/lib/avr51/libm.a(fp_split3.o)
                              /usr/lib/gcc/avr/4.3.4/../../../avr/lib/avr51/libm.a(addsf3x.o) (__fp_split3)
/usr/lib/gcc/avr/4.3.4/../../../avr/lib/avr51/libm.a(fp_zero.o)
                              /usr/lib/gcc/avr/4.3.4/../../../avr/lib/avr51/libm.a(addsf3x.o) (__fp_zero)
/usr/lib/gcc/avr/4.3.4/../../../avr/lib/avr51/libm.a(mulsf3.o)
                              ./src/display/advDisplay.o (__mulsf3)
/usr/lib/gcc/avr/4.3.4/../../../avr/lib/avr51/libm.a(mulsf3x.o)
                              /usr/lib/gcc/avr/4.3.4/../../../avr/lib/avr51/libm.a(mulsf3.o) (__mulsf3x)
/usr/lib/gcc/avr/4.3.4/../../../avr/lib/avr51/libprintf_flt.a(vfprintf_flt.o)
                              (vfprintf)
/home/defaultuser/nibolib/lib/libnds3.a(i2cmaster.o)
                              ./src/Application.o (i2c_init)
/usr/lib/gcc/avr/4.3.4/avr51/libgcc.a(_divmodhi4.o)
                              ./src/display/advDisplay.o (__divmodhi4)
/usr/lib/gcc/avr/4.3.4/avr51/libgcc.a(_udivmodsi4.o)
                              ./src/xbee/uart0.o (__udivmodsi4)
/usr/lib/gcc/avr/4.3.4/avr51/libgcc.a(_exit.o)
                              /usr/lib/gcc/avr/4.3.4/../../../avr/lib/avr51/crtm128.o (exit)
/usr/lib/gcc/avr/4.3.4/avr51/libgcc.a(_clear_bss.o)
                              ./src/xbee/niboCom.o (__do_clear_bss)
/usr/lib/gcc/avr/4.3.4/avr51/libgcc.a(_udivmodhi4.o)
                              /usr/lib/gcc/avr/4.3.4/avr51/libgcc.a(_divmodhi4.o) (__udivmodhi4)
/usr/lib/gcc/avr/4.3.4/../../../avr/lib/avr51/libc.a(ftoa_engine.o)
                              /usr/lib/gcc/avr/4.3.4/../../../avr/lib/avr51/libprintf_flt.a(vfprintf_flt.o) (__ftoa_engine)
/usr/lib/gcc/avr/4.3.4/../../../avr/lib/avr51/libc.a(strnlen_P.o)
                              /usr/lib/gcc/avr/4.3.4/../../../avr/lib/avr51/libprintf_flt.a(vfprintf_flt.o) (strnlen_P)
/usr/lib/gcc/avr/4.3.4/../../../avr/lib/avr51/libc.a(strcpy.o)
                              ./src/display/advDisplay.o (strcpy)
/usr/lib/gcc/avr/4.3.4/../../../avr/lib/avr51/libc.a(strnlen.o)
                              /usr/lib/gcc/avr/4.3.4/../../../avr/lib/avr51/libprintf_flt.a(vfprintf_flt.o) (strnlen)
/usr/lib/gcc/avr/4.3.4/../../../avr/lib/avr51/libc.a(fputc.o)
                              /usr/lib/gcc/avr/4.3.4/../../../avr/lib/avr51/libprintf_flt.a(vfprintf_flt.o) (fputc)
/usr/lib/gcc/avr/4.3.4/../../../avr/lib/avr51/libc.a(sprintf.o)
                              ./src/display/advDisplay.o (sprintf)
/usr/lib/gcc/avr/4.3.4/../../../avr/lib/avr51/libc.a(ultoa_invert.o)
                              /usr/lib/gcc/avr/4.3.4/../../../avr/lib/avr51/libprintf_flt.a(vfprintf_flt.o) (__ultoa_invert)

Allocating common symbols
Common symbol       size              file

copro_ticks_offset_r
                    0x2               /home/defaultuser/nibolib/lib/libnibo2.a(copro.o)
copro_ticks_offset_l
                    0x2               /home/defaultuser/nibolib/lib/libnibo2.a(copro.o)
copro_current_l     0x2               /home/defaultuser/nibolib/lib/libnibo2.a(copro.o)
gfx_dm              0x1               /home/defaultuser/nibolib/lib/libnibo2.a(gfx.o)
adc_random_seed     0x2               /home/defaultuser/nibolib/lib/libnibo2.a(adc.o)
spi_tx_buf          0x1b              /home/defaultuser/nibolib/lib/libnibo2.a(spi.o)
copro_commands      0x15              /home/defaultuser/nibolib/lib/libnibo2.a(copro.o)
spi_rx_size         0x1               /home/defaultuser/nibolib/lib/libnibo2.a(spi.o)
copro_ticks_l       0x2               /home/defaultuser/nibolib/lib/libnibo2.a(copro.o)
i2c_buf             0x14              /home/defaultuser/nibolib/lib/libnds3.a(i2cmaster.o)
copro_rc5_cmd       0x2               /home/defaultuser/nibolib/lib/libnibo2.a(copro.o)
pwm_channel_A       0x2               /home/defaultuser/nibolib/lib/libnibo2.a(pwm.o)
copro_distance      0xa               /home/defaultuser/nibolib/lib/libnibo2.a(copro.o)
spi_err_cnt         0x1               /home/defaultuser/nibolib/lib/libnibo2.a(spi.o)
i2c_state           0x1               /home/defaultuser/nibolib/lib/libnds3.a(i2cmaster.o)
copro_pos_x         0x4               /home/defaultuser/nibolib/lib/libnibo2.a(copro.o)
copro_pos_ori       0x4               /home/defaultuser/nibolib/lib/libnibo2.a(copro.o)
copro_speed_r       0x2               /home/defaultuser/nibolib/lib/libnibo2.a(copro.o)
pwm_channel_B       0x2               /home/defaultuser/nibolib/lib/libnibo2.a(pwm.o)
pwm_timer_ms        0x2               /home/defaultuser/nibolib/lib/libnibo2.a(pwm.o)
spi_tx_size         0x1               /home/defaultuser/nibolib/lib/libnibo2.a(spi.o)
gfx_term_row        0x1               /home/defaultuser/nibolib/lib/libnibo2.a(gfx.o)
gfx_proportional    0x1               /home/defaultuser/nibolib/lib/libnibo2.a(gfx.o)
copro_ticks_r       0x2               /home/defaultuser/nibolib/lib/libnibo2.a(copro.o)
uart0_txbuf_begin   0x1               ./src/xbee/uart0.o
copro_pos_y         0x4               /home/defaultuser/nibolib/lib/libnibo2.a(copro.o)
bot_supply          0x2               /home/defaultuser/nibolib/lib/libnibo2.a(bot.o)
buffer              0xa               ./src/xbee/niboCom.o
spi_frame_cnt       0x1               /home/defaultuser/nibolib/lib/libnibo2.a(spi.o)
i2c_size            0x1               /home/defaultuser/nibolib/lib/libnds3.a(i2cmaster.o)
copro_ir_mode       0x1               /home/defaultuser/nibolib/lib/libnibo2.a(copro.o)
spi_size            0x1               /home/defaultuser/nibolib/lib/libnibo2.a(spi.o)
copro_rc5_count     0x1               /home/defaultuser/nibolib/lib/libnibo2.a(copro.o)
display_type        0x1               /home/defaultuser/nibolib/lib/libnibo2.a(display.o)
uart0_rxbuf         0x8               ./src/xbee/uart0.o
uart0_txbuf         0x8               ./src/xbee/uart0.o
gfx_x               0x1               /home/defaultuser/nibolib/lib/libnibo2.a(gfx.o)
copro_current_r     0x2               /home/defaultuser/nibolib/lib/libnibo2.a(copro.o)
copro_buffer        0x1b              /home/defaultuser/nibolib/lib/libnibo2.a(copro.o)
i2c_last_TWSR       0x1               /home/defaultuser/nibolib/lib/libnds3.a(i2cmaster.o)
i2c_tx_size         0x1               /home/defaultuser/nibolib/lib/libnds3.a(i2cmaster.o)
spi_rx_buf          0x1b              /home/defaultuser/nibolib/lib/libnibo2.a(spi.o)
uart0_rxbuf_begin   0x1               ./src/xbee/uart0.o
i2c_pos             0x1               /home/defaultuser/nibolib/lib/libnds3.a(i2cmaster.o)
gfx_tile            0x8               /home/defaultuser/nibolib/lib/libnibo2.a(gfx.o)
pwm_channel_C       0x2               /home/defaultuser/nibolib/lib/libnibo2.a(pwm.o)
spi_tx_chk          0x1               /home/defaultuser/nibolib/lib/libnibo2.a(spi.o)
uart0_rxbuf_end     0x1               ./src/xbee/uart0.o
pwm_timer_sub       0x2               /home/defaultuser/nibolib/lib/libnibo2.a(pwm.o)
pwm_timer_sec       0x4               /home/defaultuser/nibolib/lib/libnibo2.a(pwm.o)
spi_pos             0x1               /home/defaultuser/nibolib/lib/libnibo2.a(spi.o)
uart0_txbuf_end     0x1               ./src/xbee/uart0.o
gfx_y               0x1               /home/defaultuser/nibolib/lib/libnibo2.a(gfx.o)
copro_target_distance
                    0x2               /home/defaultuser/nibolib/lib/libnibo2.a(copro.o)
spi_rx_chk          0x1               /home/defaultuser/nibolib/lib/libnibo2.a(spi.o)
i2c_rx_size         0x1               /home/defaultuser/nibolib/lib/libnds3.a(i2cmaster.o)
gfx_term_col        0x1               /home/defaultuser/nibolib/lib/libnibo2.a(gfx.o)
copro_seq           0x1               /home/defaultuser/nibolib/lib/libnibo2.a(copro.o)
copro_speed_l       0x2               /home/defaultuser/nibolib/lib/libnibo2.a(copro.o)

Memory Configuration

Name             Origin             Length             Attributes
text             0x00000000         0x00020000         xr
data             0x00800060         0x0000ffa0         rw !x
eeprom           0x00810000         0x00010000         rw !x
fuse             0x00820000         0x00000400         rw !x
lock             0x00830000         0x00000400         rw !x
signature        0x00840000         0x00000400         rw !x
*default*        0x00000000         0xffffffff

Linker script and memory map

Address of section .data set to 0x800100
LOAD /usr/lib/gcc/avr/4.3.4/../../../avr/lib/avr51/crtm128.o
LOAD ./src/xbee/niboCom.o
LOAD ./src/xbee/uart0.o
LOAD ./src/display/advDisplay.o
LOAD ./src/Application.o
LOAD /home/defaultuser/nibolib/lib/libnibo2.a
LOAD /usr/lib/gcc/avr/4.3.4/../../../avr/lib/avr51/libm.a
LOAD /usr/lib/gcc/avr/4.3.4/../../../avr/lib/avr51/libprintf_flt.a
LOAD /home/defaultuser/nibolib/lib/libnds3.a
LOAD /home/defaultuser/nibolib/lib/libxbee-1.a
LOAD /usr/lib/gcc/avr/4.3.4/avr51/libgcc.a
LOAD /usr/lib/gcc/avr/4.3.4/../../../avr/lib/avr51/libc.a
LOAD /usr/lib/gcc/avr/4.3.4/avr51/libgcc.a

.hash
 *(.hash)

.dynsym
 *(.dynsym)

.dynstr
 *(.dynstr)

.gnu.version
 *(.gnu.version)

.gnu.version_d
 *(.gnu.version_d)

.gnu.version_r
 *(.gnu.version_r)

.rel.init
 *(.rel.init)

.rela.init
 *(.rela.init)

.rel.text
 *(.rel.text)
 *(.rel.text.*)
 *(.rel.gnu.linkonce.t*)

.rela.text
 *(.rela.text)
 *(.rela.text.*)
 *(.rela.gnu.linkonce.t*)

.rel.fini
 *(.rel.fini)

.rela.fini
 *(.rela.fini)

.rel.rodata
 *(.rel.rodata)
 *(.rel.rodata.*)
 *(.rel.gnu.linkonce.r*)

.rela.rodata
 *(.rela.rodata)
 *(.rela.rodata.*)
 *(.rela.gnu.linkonce.r*)

.rel.data
 *(.rel.data)
 *(.rel.data.*)
 *(.rel.gnu.linkonce.d*)

.rela.data
 *(.rela.data)
 *(.rela.data.*)
 *(.rela.gnu.linkonce.d*)

.rel.ctors
 *(.rel.ctors)

.rela.ctors
 *(.rela.ctors)

.rel.dtors
 *(.rel.dtors)

.rela.dtors
 *(.rela.dtors)

.rel.got
 *(.rel.got)

.rela.got
 *(.rela.got)

.rel.bss
 *(.rel.bss)

.rela.bss
 *(.rela.bss)

.rel.plt
 *(.rel.plt)

.rela.plt
 *(.rela.plt)

.text           0x00000000     0x3022
 *(.vectors)
 .vectors       0x00000000       0x8c /usr/lib/gcc/avr/4.3.4/../../../avr/lib/avr51/crtm128.o
                0x00000000                __vectors
                0x00000000                __vector_default
 *(.vectors)
 *(.progmem.gcc*)
 *(.progmem*)
 .progmem.data  0x0000008c      0x1a4 ./src/display/advDisplay.o
 .progmem.data  0x00000230        0x9 /home/defaultuser/nibolib/lib/libnibo2.a(bot.o)
                0x00000230                bot_lib_revision
                0x00000234                bot_lib_version
 .progmem.data  0x00000239        0x8 /usr/lib/gcc/avr/4.3.4/../../../avr/lib/avr51/libprintf_flt.a(vfprintf_flt.o)
 .progmem.data  0x00000241       0xfa /usr/lib/gcc/avr/4.3.4/../../../avr/lib/avr51/libc.a(ftoa_engine.o)
                0x0000033c                . = ALIGN (0x2)
 *fill*         0x0000033b        0x1 00
                0x0000033c                __trampolines_start = .
 *(.trampolines)
 .trampolines   0x0000033c        0x0 linker stubs
 *(.trampolines*)
                0x0000033c                __trampolines_end = .
 *(.jumptables)
 *(.jumptables*)
 *(.lowtext)
 *(.lowtext*)
                0x0000033c                __ctors_start = .
 *(.ctors)
                0x0000033c                __ctors_end = .
                0x0000033c                __dtors_start = .
 *(.dtors)
                0x0000033c                __dtors_end = .
 SORT(*)(.ctors)
 SORT(*)(.dtors)
 *(.init0)
 .init0         0x0000033c        0x0 /usr/lib/gcc/avr/4.3.4/../../../avr/lib/avr51/crtm128.o
                0x0000033c                __init
 *(.init0)
 *(.init1)
 *(.init1)
 *(.init2)
 .init2         0x0000033c        0xc /usr/lib/gcc/avr/4.3.4/../../../avr/lib/avr51/crtm128.o
 *(.init2)
 *(.init3)
 *(.init3)
 *(.init4)
 .init4         0x00000348       0x1a /usr/lib/gcc/avr/4.3.4/../../../avr/lib/avr51/crtm128.o
                0x00000348                __do_copy_data
 .init4         0x00000362       0x10 /usr/lib/gcc/avr/4.3.4/avr51/libgcc.a(_clear_bss.o)
                0x00000362                __do_clear_bss
 *(.init4)
 *(.init5)
 *(.init5)
 *(.init6)
 *(.init6)
 *(.init7)
 *(.init7)
 *(.init8)
 *(.init8)
 *(.init9)
 .init9         0x00000372        0x8 /usr/lib/gcc/avr/4.3.4/../../../avr/lib/avr51/crtm128.o
 *(.init9)
 *(.text)
 .text          0x0000037a        0x4 /usr/lib/gcc/avr/4.3.4/../../../avr/lib/avr51/crtm128.o
                0x0000037a                __vector_22
                0x0000037a                __vector_28
                0x0000037a                __vector_1
                0x0000037a                __vector_32
                0x0000037a                __vector_34
                0x0000037a                __vector_24
                0x0000037a                __vector_12
                0x0000037a                __bad_interrupt
                0x0000037a                __vector_6
                0x0000037a                __vector_31
                0x0000037a                __vector_3
                0x0000037a                __vector_23
                0x0000037a                __vector_30
                0x0000037a                __vector_25
                0x0000037a                __vector_11
                0x0000037a                __vector_13
                0x0000037a                __vector_7
                0x0000037a                __vector_27
                0x0000037a                __vector_5
                0x0000037a                __vector_4
                0x0000037a                __vector_9
                0x0000037a                __vector_2
                0x0000037a                __vector_21
                0x0000037a                __vector_15
                0x0000037a                __vector_29
                0x0000037a                __vector_8
                0x0000037a                __vector_26
                0x0000037a                __vector_16
                0x0000037a                __vector_20
 .text          0x0000037e      0x1e2 ./src/xbee/niboCom.o
                0x0000037e                niboCom_getCMD
                0x0000039c                niboCom_setAuto
                0x000003a2                niboCom_getchar
                0x000003b8                niboCom_uartInterrupt
                0x00000410                niboCom_putchar
                0x00000424                niboCom_putPackage
                0x00000478                niboCom_putDistance
                0x0000049a                niboCom_putdircetionChange
                0x000004a6                niboCom_putNDSDistance
                0x00000504                niboCom_putIRDistance
                0x0000054c                niboCom_init_with_baud
                0x00000556                niboCom_init
 .text          0x00000560      0x184 ./src/xbee/uart0.o
                0x00000560                uart0_set_baudrate
                0x0000058c                uart0_getchar
                0x000005be                uart0_putchar
                0x000005f8                uart0_enable
                0x000005fe                uart0_disable
                0x00000602                __vector_19
                0x00000660                __vector_18
 .text          0x000006e4      0x226 ./src/display/advDisplay.o
                0x000006e4                advDisplay_printTerminal
                0x00000766                advDisplay_append_line
                0x000007d4                advDisplay_clear
                0x00000816                advDisplay_init
                0x00000834                advDisplay_printVoltage
 .text          0x0000090a      0x134 ./src/Application.o
                0x0000090a                initNibo
                0x00000944                main
                0x00000956                checkDistance
                0x000009ee                __vector_10
 .text          0x00000a3e        0x0 /home/defaultuser/nibolib/lib/libnibo2.a(display.o)
 .text          0x00000a3e        0x0 /home/defaultuser/nibolib/lib/libnibo2.a(pwm.o)
 .text          0x00000a3e        0x0 /home/defaultuser/nibolib/lib/libnibo2.a(delay.o)
 .text          0x00000a3e        0x0 /home/defaultuser/nibolib/lib/libnibo2.a(spi.o)
 .text          0x00000a3e        0x0 /home/defaultuser/nibolib/lib/libnibo2.a(gfx.o)
 .text          0x00000a3e        0x0 /home/defaultuser/nibolib/lib/libnibo2.a(copro.o)
 .text          0x00000a3e        0x0 /home/defaultuser/nibolib/lib/libnibo2.a(bot.o)
 .text          0x00000a3e        0x0 /home/defaultuser/nibolib/lib/libnibo2.a(leds.o)
 .text          0x00000a3e        0x0 /home/defaultuser/nibolib/lib/libnibo2.a(sound.o)
 .text          0x00000a3e        0x0 /home/defaultuser/nibolib/lib/libnibo2.a(adc.o)
 .text          0x00000a3e        0x0 /usr/lib/gcc/avr/4.3.4/../../../avr/lib/avr51/libm.a(addsf3.o)
 .text          0x00000a3e        0x0 /usr/lib/gcc/avr/4.3.4/../../../avr/lib/avr51/libm.a(addsf3x.o)
 .text          0x00000a3e        0x0 /usr/lib/gcc/avr/4.3.4/../../../avr/lib/avr51/libm.a(floatsisf.o)
 .text          0x00000a3e        0x0 /usr/lib/gcc/avr/4.3.4/../../../avr/lib/avr51/libm.a(fp_inf.o)
 .text          0x00000a3e        0x0 /usr/lib/gcc/avr/4.3.4/../../../avr/lib/avr51/libm.a(fp_nan.o)
 .text          0x00000a3e        0x0 /usr/lib/gcc/avr/4.3.4/../../../avr/lib/avr51/libm.a(fp_pscA.o)
 .text          0x00000a3e        0x0 /usr/lib/gcc/avr/4.3.4/../../../avr/lib/avr51/libm.a(fp_pscB.o)
 .text          0x00000a3e        0x0 /usr/lib/gcc/avr/4.3.4/../../../avr/lib/avr51/libm.a(fp_round.o)
 .text          0x00000a3e        0x0 /usr/lib/gcc/avr/4.3.4/../../../avr/lib/avr51/libm.a(fp_split3.o)
 .text          0x00000a3e        0x0 /usr/lib/gcc/avr/4.3.4/../../../avr/lib/avr51/libm.a(fp_zero.o)
 .text          0x00000a3e        0x0 /usr/lib/gcc/avr/4.3.4/../../../avr/lib/avr51/libm.a(mulsf3.o)
 .text          0x00000a3e        0x0 /usr/lib/gcc/avr/4.3.4/../../../avr/lib/avr51/libm.a(mulsf3x.o)
 .text          0x00000a3e        0x0 /usr/lib/gcc/avr/4.3.4/../../../avr/lib/avr51/libprintf_flt.a(vfprintf_flt.o)
 .text          0x00000a3e        0x0 /home/defaultuser/nibolib/lib/libnds3.a(i2cmaster.o)
 .text          0x00000a3e        0x0 /usr/lib/gcc/avr/4.3.4/avr51/libgcc.a(_divmodhi4.o)
 .text          0x00000a3e        0x0 /usr/lib/gcc/avr/4.3.4/avr51/libgcc.a(_udivmodsi4.o)
 .text          0x00000a3e        0x0 /usr/lib/gcc/avr/4.3.4/avr51/libgcc.a(_exit.o)
 .text          0x00000a3e        0x0 /usr/lib/gcc/avr/4.3.4/avr51/libgcc.a(_clear_bss.o)
 .text          0x00000a3e        0x0 /usr/lib/gcc/avr/4.3.4/avr51/libgcc.a(_udivmodhi4.o)
 .text          0x00000a3e        0x0 /usr/lib/gcc/avr/4.3.4/../../../avr/lib/avr51/libc.a(ftoa_engine.o)
 .text          0x00000a3e        0x0 /usr/lib/gcc/avr/4.3.4/../../../avr/lib/avr51/libc.a(strnlen_P.o)
 .text          0x00000a3e        0x0 /usr/lib/gcc/avr/4.3.4/../../../avr/lib/avr51/libc.a(strcpy.o)
 .text          0x00000a3e        0x0 /usr/lib/gcc/avr/4.3.4/../../../avr/lib/avr51/libc.a(strnlen.o)
 .text          0x00000a3e        0x0 /usr/lib/gcc/avr/4.3.4/../../../avr/lib/avr51/libc.a(fputc.o)
 .text          0x00000a3e        0x0 /usr/lib/gcc/avr/4.3.4/../../../avr/lib/avr51/libc.a(sprintf.o)
 .text          0x00000a3e        0x0 /usr/lib/gcc/avr/4.3.4/../../../avr/lib/avr51/libc.a(ultoa_invert.o)
                0x00000a3e                . = ALIGN (0x2)
 *(.text.*)
 .text.display_write
                0x00000a3e       0x86 /home/defaultuser/nibolib/lib/libnibo2.a(display.o)
                0x00000a3e                display_write
 .text.display_read
                0x00000ac4       0x82 /home/defaultuser/nibolib/lib/libnibo2.a(display.o)
                0x00000ac4                display_read
 .text.display_wait
                0x00000b46       0x34 /home/defaultuser/nibolib/lib/libnibo2.a(display.o)
                0x00000b46                display_wait
 .text.display_init
                0x00000b7a       0xbc /home/defaultuser/nibolib/lib/libnibo2.a(display.o)
                0x00000b7a                display_init
 .text.pwm_init
                0x00000c36       0x64 /home/defaultuser/nibolib/lib/libnibo2.a(pwm.o)
                0x00000c36                pwm_init
 .text.__vector_14
                0x00000c9a      0x108 /home/defaultuser/nibolib/lib/libnibo2.a(pwm.o)
                0x00000c9a                __vector_14
 .text.delay    0x00000da2       0x14 /home/defaultuser/nibolib/lib/libnibo2.a(delay.o)
                0x00000da2                delay
 .text.spi_restart_transmission
                0x00000db6       0x3a /home/defaultuser/nibolib/lib/libnibo2.a(spi.o)
                0x00000db6                spi_restart_transmission
 .text.spi_init
                0x00000df0       0x10 /home/defaultuser/nibolib/lib/libnibo2.a(spi.o)
                0x00000df0                spi_init
 .text.__vector_17
                0x00000e00      0x12e /home/defaultuser/nibolib/lib/libnibo2.a(spi.o)
                0x00000e00                __vector_17
 .text.gfx_get_x
                0x00000f2e        0x6 /home/defaultuser/nibolib/lib/libnibo2.a(gfx.o)
                0x00000f2e                gfx_get_x
 .text.gfx_get_y
                0x00000f34        0x6 /home/defaultuser/nibolib/lib/libnibo2.a(gfx.o)
                0x00000f34                gfx_get_y
 .text.gfx_draw_mode
                0x00000f3a        0x6 /home/defaultuser/nibolib/lib/libnibo2.a(gfx.o)
                0x00000f3a                gfx_draw_mode
 .text.gfx_char_width
                0x00000f40       0x40 /home/defaultuser/nibolib/lib/libnibo2.a(gfx.o)
                0x00000f40                gfx_char_width
 .text.gfx_text_width
                0x00000f80       0x26 /home/defaultuser/nibolib/lib/libnibo2.a(gfx.o)
                0x00000f80                gfx_text_width
 .text.gfx_text_width_P
                0x00000fa6       0x2e /home/defaultuser/nibolib/lib/libnibo2.a(gfx.o)
                0x00000fa6                gfx_text_width_P
 .text.gfx_set_proportional
                0x00000fd4        0x6 /home/defaultuser/nibolib/lib/libnibo2.a(gfx.o)
                0x00000fd4                gfx_set_proportional
 .text.gfx_get_proportional
                0x00000fda        0x6 /home/defaultuser/nibolib/lib/libnibo2.a(gfx.o)
                0x00000fda                gfx_get_proportional
 .text.gfx_term_goto
                0x00000fe0       0x12 /home/defaultuser/nibolib/lib/libnibo2.a(gfx.o)
                0x00000fe0                gfx_term_goto
 .text.gfx_store_disp_tile
                0x00000ff2       0xae /home/defaultuser/nibolib/lib/libnibo2.a(gfx.o)
 .text.gfx_fill
                0x000010a0       0x74 /home/defaultuser/nibolib/lib/libnibo2.a(gfx.o)
                0x000010a0                gfx_fill
 .text.gfx_term_clear
                0x00001114       0x10 /home/defaultuser/nibolib/lib/libnibo2.a(gfx.o)
                0x00001114                gfx_term_clear
 .text.gfx_init
                0x00001124       0x7e /home/defaultuser/nibolib/lib/libnibo2.a(gfx.o)
                0x00001124                gfx_init
 .text.gfx_move
                0x000011a2       0x6a /home/defaultuser/nibolib/lib/libnibo2.a(gfx.o)
                0x000011a2                gfx_move
 .text.gfx_term_scroll
                0x0000120c       0xe4 /home/defaultuser/nibolib/lib/libnibo2.a(gfx.o)
                0x0000120c                gfx_term_scroll
 .text.gfx_display_write2
                0x000012f0       0x90 /home/defaultuser/nibolib/lib/libnibo2.a(gfx.o)
                0x000012f0                gfx_display_write2
 .text.gfx_pixel
                0x00001380       0x26 /home/defaultuser/nibolib/lib/libnibo2.a(gfx.o)
                0x00001380                gfx_pixel
 .text.gfx_draw_xbm_P
                0x000013a6      0x1a4 /home/defaultuser/nibolib/lib/libnibo2.a(gfx.o)
                0x000013a6                gfx_draw_xbm_P
 .text.gfx_draw_xbm
                0x0000154a      0x1a4 /home/defaultuser/nibolib/lib/libnibo2.a(gfx.o)
                0x0000154a                gfx_draw_xbm
 .text.gfx_box  0x000016ee       0x9a /home/defaultuser/nibolib/lib/libnibo2.a(gfx.o)
                0x000016ee                gfx_box
 .text.gfx_vline
                0x00001788        0xa /home/defaultuser/nibolib/lib/libnibo2.a(gfx.o)
                0x00001788                gfx_vline
 .text.gfx_hline
                0x00001792       0x30 /home/defaultuser/nibolib/lib/libnibo2.a(gfx.o)
                0x00001792                gfx_hline
 .text.gfx_lineTo
                0x000017c2      0x112 /home/defaultuser/nibolib/lib/libnibo2.a(gfx.o)
                0x000017c2                gfx_lineTo
 .text.gfx_print_char_base
                0x000018d4       0xe0 /home/defaultuser/nibolib/lib/libnibo2.a(gfx.o)
                0x000018d4                gfx_print_char_base
 .text.gfx_print_char
                0x000019b4       0x48 /home/defaultuser/nibolib/lib/libnibo2.a(gfx.o)
                0x000019b4                gfx_print_char
 .text.gfx_term_print
                0x000019fc       0x88 /home/defaultuser/nibolib/lib/libnibo2.a(gfx.o)
                0x000019fc                gfx_term_print
 .text.gfx_print_text_P
                0x00001a84       0x22 /home/defaultuser/nibolib/lib/libnibo2.a(gfx.o)
                0x00001a84                gfx_print_text_P
 .text.gfx_print_text
                0x00001aa6       0x1a /home/defaultuser/nibolib/lib/libnibo2.a(gfx.o)
                0x00001aa6                gfx_print_text
 .text._copro_check_busy
                0x00001ac0       0x26 /home/defaultuser/nibolib/lib/libnibo2.a(copro.o)
                0x00001ac0                _copro_check_busy
 .text.copro_update
                0x00001ae6      0x138 /home/defaultuser/nibolib/lib/libnibo2.a(copro.o)
                0x00001ae6                copro_update
 .text.copro_stop
                0x00001c1e        0xc /home/defaultuser/nibolib/lib/libnibo2.a(copro.o)
                0x00001c1e                copro_stop
 .text.copro_stopImmediate
                0x00001c2a        0xe /home/defaultuser/nibolib/lib/libnibo2.a(copro.o)
                0x00001c2a                copro_stopImmediate
 .text.copro_setPWM
                0x00001c38       0x1e /home/defaultuser/nibolib/lib/libnibo2.a(copro.o)
                0x00001c38                copro_setPWM
 .text.copro_setSpeed
                0x00001c56       0x1e /home/defaultuser/nibolib/lib/libnibo2.a(copro.o)
                0x00001c56                copro_setSpeed
 .text.copro_setTargetAbs
                0x00001c74       0x42 /home/defaultuser/nibolib/lib/libnibo2.a(copro.o)
                0x00001c74                copro_setTargetAbs
 .text.copro_setTargetRel
                0x00001cb6       0x26 /home/defaultuser/nibolib/lib/libnibo2.a(copro.o)
                0x00001cb6                copro_setTargetRel
 .text.copro_setSpeedParameters
                0x00001cdc       0x2e /home/defaultuser/nibolib/lib/libnibo2.a(copro.o)
                0x00001cdc                copro_setSpeedParameters
 .text.copro_setPositionParameters
                0x00001d0a        0x4 /home/defaultuser/nibolib/lib/libnibo2.a(copro.o)
                0x00001d0a                copro_setPositionParameters
 .text.copro_resetOdometry
                0x00001d0e       0x54 /home/defaultuser/nibolib/lib/libnibo2.a(copro.o)
                0x00001d0e                copro_resetOdometry
 .text.copro_ir_stop
                0x00001d62       0x20 /home/defaultuser/nibolib/lib/libnibo2.a(copro.o)
                0x00001d62                copro_ir_stop
 .text.copro_ir_startMeasure
                0x00001d82       0x20 /home/defaultuser/nibolib/lib/libnibo2.a(copro.o)
                0x00001d82                copro_ir_startMeasure
 .text.copro_transmitRC5
                0x00001da2       0x2a /home/defaultuser/nibolib/lib/libnibo2.a(copro.o)
                0x00001da2                copro_transmitRC5
 .text.spi_finished_callback
                0x00001dcc       0xac /home/defaultuser/nibolib/lib/libnibo2.a(copro.o)
                0x00001dcc                spi_finished_callback
 .text.bot_update
                0x00001e78       0x10 /home/defaultuser/nibolib/lib/libnibo2.a(bot.o)
                0x00001e78                bot_update
 .text.bot_init
                0x00001e88       0x18 /home/defaultuser/nibolib/lib/libnibo2.a(bot.o)
                0x00001e88                bot_init
 .text.leds_init
                0x00001ea0       0x10 /home/defaultuser/nibolib/lib/libnibo2.a(leds.o)
                0x00001ea0                leds_init
 .text.leds_set_status
                0x00001eb0       0x66 /home/defaultuser/nibolib/lib/libnibo2.a(leds.o)
                0x00001eb0                leds_set_status
 .text.leds_set_status_intensity
                0x00001f16        0xa /home/defaultuser/nibolib/lib/libnibo2.a(leds.o)
                0x00001f16                leds_set_status_intensity
 .text.leds_get_status_intensity
                0x00001f20        0xa /home/defaultuser/nibolib/lib/libnibo2.a(leds.o)
                0x00001f20                leds_get_status_intensity
 .text.leds_set_headlights
                0x00001f2a        0xa /home/defaultuser/nibolib/lib/libnibo2.a(leds.o)
                0x00001f2a                leds_set_headlights
 .text.leds_get_headlights
                0x00001f34        0xa /home/defaultuser/nibolib/lib/libnibo2.a(leds.o)
                0x00001f34                leds_get_headlights
 .text.leds_set_displaylight
                0x00001f3e        0xa /home/defaultuser/nibolib/lib/libnibo2.a(leds.o)
                0x00001f3e                leds_set_displaylight
 .text.leds_get_displaylight
                0x00001f48        0xa /home/defaultuser/nibolib/lib/libnibo2.a(leds.o)
                0x00001f48                leds_get_displaylight
 .text.sound_init
                0x00001f52        0x4 /home/defaultuser/nibolib/lib/libnibo2.a(sound.o)
                0x00001f52                sound_init
 .text.sound_tone
                0x00001f56       0x50 /home/defaultuser/nibolib/lib/libnibo2.a(sound.o)
                0x00001f56                sound_tone
 .text.adc_init
                0x00001fa6       0x26 /home/defaultuser/nibolib/lib/libnibo2.a(adc.o)
                0x00001fa6                adc_init
 .text.adc_read
                0x00001fcc       0x3c /home/defaultuser/nibolib/lib/libnibo2.a(adc.o)
                0x00001fcc                adc_read
 .text.adc_get_random_seed
                0x00002008        0xa /home/defaultuser/nibolib/lib/libnibo2.a(adc.o)
                0x00002008                adc_get_random_seed
 .text.avr-libc.fplib
                0x00002012        0xa /usr/lib/gcc/avr/4.3.4/../../../avr/lib/avr51/libm.a(addsf3.o)
                0x00002012                __subsf3
                0x00002014                __addsf3
 .text.avr-libc.fplib
                0x0000201c       0xc0 /usr/lib/gcc/avr/4.3.4/../../../avr/lib/avr51/libm.a(addsf3x.o)
                0x00002036                __addsf3x
 .text.avr-libc.fplib
                0x000020dc       0x7a /usr/lib/gcc/avr/4.3.4/../../../avr/lib/avr51/libm.a(floatsisf.o)
                0x000020dc                __floatunsisf
                0x000020e0                __floatsisf
 .text.avr-libc.fplib
                0x00002156        0xc /usr/lib/gcc/avr/4.3.4/../../../avr/lib/avr51/libm.a(fp_inf.o)
                0x00002156                __fp_inf
 .text.avr-libc.fplib
                0x00002162        0x6 /usr/lib/gcc/avr/4.3.4/../../../avr/lib/avr51/libm.a(fp_nan.o)
                0x00002162                __fp_nan
 .text.avr-libc.fplib
                0x00002168        0xe /usr/lib/gcc/avr/4.3.4/../../../avr/lib/avr51/libm.a(fp_pscA.o)
                0x00002168                __fp_pscA
 .text.avr-libc.fplib
                0x00002176        0xe /usr/lib/gcc/avr/4.3.4/../../../avr/lib/avr51/libm.a(fp_pscB.o)
                0x00002176                __fp_pscB
 .text.avr-libc.fplib
                0x00002184       0x22 /usr/lib/gcc/avr/4.3.4/../../../avr/lib/avr51/libm.a(fp_round.o)
                0x00002184                __fp_round
 .text.avr-libc.fplib
                0x000021a6       0x44 /usr/lib/gcc/avr/4.3.4/../../../avr/lib/avr51/libm.a(fp_split3.o)
                0x000021a6                __fp_split3
                0x000021b6                __fp_splitA
 .text.avr-libc.fplib
                0x000021ea        0xe /usr/lib/gcc/avr/4.3.4/../../../avr/lib/avr51/libm.a(fp_zero.o)
                0x000021ea                __fp_zero
                0x000021ec                __fp_szero
 .text.avr-libc.fplib
                0x000021f8        0x4 /usr/lib/gcc/avr/4.3.4/../../../avr/lib/avr51/libm.a(mulsf3.o)
                0x000021f8                __mulsf3
 .text.avr-libc.fplib
                0x000021fc       0xc2 /usr/lib/gcc/avr/4.3.4/../../../avr/lib/avr51/libm.a(mulsf3x.o)
                0x00002210                __mulsf3x
                0x00002214                __mulsf3_pse
 .text.avr-libc
                0x000022be      0x764 /usr/lib/gcc/avr/4.3.4/../../../avr/lib/avr51/libprintf_flt.a(vfprintf_flt.o)
                0x000022be                vfprintf
 .text.i2c_start_transmission
                0x00002a22       0x4e /home/defaultuser/nibolib/lib/libnds3.a(i2cmaster.o)
                0x00002a22                i2c_start_transmission
 .text.i2c_wait_transmission
                0x00002a70       0x4c /home/defaultuser/nibolib/lib/libnds3.a(i2cmaster.o)
                0x00002a70                i2c_wait_transmission
 .text.i2c_status
                0x00002abc        0x6 /home/defaultuser/nibolib/lib/libnds3.a(i2cmaster.o)
                0x00002abc                i2c_status
 .text.i2c_init
                0x00002ac2       0x1e /home/defaultuser/nibolib/lib/libnds3.a(i2cmaster.o)
                0x00002ac2                i2c_init
 .text.__vector_33
                0x00002ae0      0x14c /home/defaultuser/nibolib/lib/libnds3.a(i2cmaster.o)
                0x00002ae0                __vector_33
 .text.libgcc   0x00002c2c       0x26 /usr/lib/gcc/avr/4.3.4/avr51/libgcc.a(_divmodhi4.o)
                0x00002c2c                __divmodhi4
                0x00002c2c                _div
 .text.libgcc   0x00002c52       0x44 /usr/lib/gcc/avr/4.3.4/avr51/libgcc.a(_udivmodsi4.o)
                0x00002c52                __udivmodsi4
 .text.libgcc   0x00002c96        0x0 /usr/lib/gcc/avr/4.3.4/avr51/libgcc.a(_exit.o)
 .text.libgcc   0x00002c96        0x0 /usr/lib/gcc/avr/4.3.4/avr51/libgcc.a(_clear_bss.o)
 .text.libgcc   0x00002c96       0x28 /usr/lib/gcc/avr/4.3.4/avr51/libgcc.a(_udivmodhi4.o)
                0x00002c96                __udivmodhi4
 .text.avr-libc
                0x00002cbe      0x1b0 /usr/lib/gcc/avr/4.3.4/../../../avr/lib/avr51/libc.a(ftoa_engine.o)
                0x00002cbe                __ftoa_engine
 .text.avr-libc
                0x00002e6e       0x16 /usr/lib/gcc/avr/4.3.4/../../../avr/lib/avr51/libc.a(strnlen_P.o)
                0x00002e6e                strnlen_P
 .text.avr-libc
                0x00002e84        0xe /usr/lib/gcc/avr/4.3.4/../../../avr/lib/avr51/libc.a(strcpy.o)
                0x00002e84                strcpy
 .text.avr-libc
                0x00002e92       0x16 /usr/lib/gcc/avr/4.3.4/../../../avr/lib/avr51/libc.a(strnlen.o)
                0x00002e92                strnlen
 .text.avr-libc
                0x00002ea8       0x58 /usr/lib/gcc/avr/4.3.4/../../../avr/lib/avr51/libc.a(fputc.o)
                0x00002ea8                fputc
 .text.avr-libc
                0x00002f00       0x62 /usr/lib/gcc/avr/4.3.4/../../../avr/lib/avr51/libc.a(sprintf.o)
                0x00002f00                sprintf
 .text.avr-libc
                0x00002f62       0xbc /usr/lib/gcc/avr/4.3.4/../../../avr/lib/avr51/libc.a(ultoa_invert.o)
                0x00002f62                __ultoa_invert
                0x0000301e                . = ALIGN (0x2)
 *(.fini9)
 .fini9         0x0000301e        0x0 /usr/lib/gcc/avr/4.3.4/avr51/libgcc.a(_exit.o)
                0x0000301e                exit
                0x0000301e                _exit
 *(.fini9)
 *(.fini8)
 *(.fini8)
 *(.fini7)
 *(.fini7)
 *(.fini6)
 *(.fini6)
 *(.fini5)
 *(.fini5)
 *(.fini4)
 *(.fini4)
 *(.fini3)
 *(.fini3)
 *(.fini2)
 *(.fini2)
 *(.fini1)
 *(.fini1)
 *(.fini0)
 .fini0         0x0000301e        0x4 /usr/lib/gcc/avr/4.3.4/avr51/libgcc.a(_exit.o)
 *(.fini0)
                0x00003022                _etext = .

.data           0x00800100      0x2d0 load address 0x00003022
                0x00800100                PROVIDE (__data_start, .)
 *(.data)
 .data          0x00800100        0x0 /usr/lib/gcc/avr/4.3.4/../../../avr/lib/avr51/crtm128.o
 .data          0x00800100        0x0 ./src/xbee/niboCom.o
 .data          0x00800100        0x0 ./src/xbee/uart0.o
 .data          0x00800100       0x80 ./src/display/advDisplay.o
                0x0080011c                terminal_text
 .data          0x00800180        0xf ./src/Application.o
 .data          0x0080018f        0x0 /home/defaultuser/nibolib/lib/libnibo2.a(display.o)
 .data          0x0080018f        0x0 /home/defaultuser/nibolib/lib/libnibo2.a(pwm.o)
 .data          0x0080018f        0x0 /home/defaultuser/nibolib/lib/libnibo2.a(delay.o)
 .data          0x0080018f        0x0 /home/defaultuser/nibolib/lib/libnibo2.a(spi.o)
 .data          0x0080018f      0x240 /home/defaultuser/nibolib/lib/libnibo2.a(gfx.o)
                0x0080018f                fontTiles
 .data          0x008003cf        0x0 /home/defaultuser/nibolib/lib/libnibo2.a(copro.o)
 .data          0x008003cf        0x0 /home/defaultuser/nibolib/lib/libnibo2.a(bot.o)
 .data          0x008003cf        0x0 /home/defaultuser/nibolib/lib/libnibo2.a(leds.o)
 .data          0x008003cf        0x0 /home/defaultuser/nibolib/lib/libnibo2.a(sound.o)
 .data          0x008003cf        0x0 /home/defaultuser/nibolib/lib/libnibo2.a(adc.o)
 .data          0x008003cf        0x0 /usr/lib/gcc/avr/4.3.4/../../../avr/lib/avr51/libm.a(addsf3.o)
 .data          0x008003cf        0x0 /usr/lib/gcc/avr/4.3.4/../../../avr/lib/avr51/libm.a(addsf3x.o)
 .data          0x008003cf        0x0 /usr/lib/gcc/avr/4.3.4/../../../avr/lib/avr51/libm.a(floatsisf.o)
 .data          0x008003cf        0x0 /usr/lib/gcc/avr/4.3.4/../../../avr/lib/avr51/libm.a(fp_inf.o)
 .data          0x008003cf        0x0 /usr/lib/gcc/avr/4.3.4/../../../avr/lib/avr51/libm.a(fp_nan.o)
 .data          0x008003cf        0x0 /usr/lib/gcc/avr/4.3.4/../../../avr/lib/avr51/libm.a(fp_pscA.o)
 .data          0x008003cf        0x0 /usr/lib/gcc/avr/4.3.4/../../../avr/lib/avr51/libm.a(fp_pscB.o)
 .data          0x008003cf        0x0 /usr/lib/gcc/avr/4.3.4/../../../avr/lib/avr51/libm.a(fp_round.o)
 .data          0x008003cf        0x0 /usr/lib/gcc/avr/4.3.4/../../../avr/lib/avr51/libm.a(fp_split3.o)
 .data          0x008003cf        0x0 /usr/lib/gcc/avr/4.3.4/../../../avr/lib/avr51/libm.a(fp_zero.o)
 .data          0x008003cf        0x0 /usr/lib/gcc/avr/4.3.4/../../../avr/lib/avr51/libm.a(mulsf3.o)
 .data          0x008003cf        0x0 /usr/lib/gcc/avr/4.3.4/../../../avr/lib/avr51/libm.a(mulsf3x.o)
 .data          0x008003cf        0x0 /usr/lib/gcc/avr/4.3.4/../../../avr/lib/avr51/libprintf_flt.a(vfprintf_flt.o)
 .data          0x008003cf        0x0 /home/defaultuser/nibolib/lib/libnds3.a(i2cmaster.o)
 .data          0x008003cf        0x0 /usr/lib/gcc/avr/4.3.4/avr51/libgcc.a(_divmodhi4.o)
 .data          0x008003cf        0x0 /usr/lib/gcc/avr/4.3.4/avr51/libgcc.a(_udivmodsi4.o)
 .data          0x008003cf        0x0 /usr/lib/gcc/avr/4.3.4/avr51/libgcc.a(_exit.o)
 .data          0x008003cf        0x0 /usr/lib/gcc/avr/4.3.4/avr51/libgcc.a(_clear_bss.o)
 .data          0x008003cf        0x0 /usr/lib/gcc/avr/4.3.4/avr51/libgcc.a(_udivmodhi4.o)
 .data          0x008003cf        0x0 /usr/lib/gcc/avr/4.3.4/../../../avr/lib/avr51/libc.a(ftoa_engine.o)
 .data          0x008003cf        0x0 /usr/lib/gcc/avr/4.3.4/../../../avr/lib/avr51/libc.a(strnlen_P.o)
 .data          0x008003cf        0x0 /usr/lib/gcc/avr/4.3.4/../../../avr/lib/avr51/libc.a(strcpy.o)
 .data          0x008003cf        0x0 /usr/lib/gcc/avr/4.3.4/../../../avr/lib/avr51/libc.a(strnlen.o)
 .data          0x008003cf        0x0 /usr/lib/gcc/avr/4.3.4/../../../avr/lib/avr51/libc.a(fputc.o)
 .data          0x008003cf        0x0 /usr/lib/gcc/avr/4.3.4/../../../avr/lib/avr51/libc.a(sprintf.o)
 .data          0x008003cf        0x0 /usr/lib/gcc/avr/4.3.4/../../../avr/lib/avr51/libc.a(ultoa_invert.o)
 *(.data*)
 *(.rodata)
 *(.rodata*)
 *(.gnu.linkonce.d*)
                0x008003d0                . = ALIGN (0x2)
 *fill*         0x008003cf        0x1 00
                0x008003d0                _edata = .
                0x008003d0                PROVIDE (__data_end, .)

.bss            0x008003d0       0xfc
                0x008003d0                PROVIDE (__bss_start, .)
 *(.bss)
 .bss           0x008003d0        0x0 /usr/lib/gcc/avr/4.3.4/../../../avr/lib/avr51/crtm128.o
 .bss           0x008003d0        0x4 ./src/xbee/niboCom.o
                0x008003d0                autoMode
                0x008003d1                startSign
                0x008003d2                lastCMD
                0x008003d3                bufferPos
 .bss           0x008003d4        0x0 ./src/xbee/uart0.o
 .bss           0x008003d4        0x4 ./src/display/advDisplay.o
                0x008003d4                terminal_head
                0x008003d6                terminal_count
 .bss           0x008003d8        0x0 ./src/Application.o
 .bss           0x008003d8        0x0 /home/defaultuser/nibolib/lib/libnibo2.a(display.o)
 .bss           0x008003d8        0x0 /home/defaultuser/nibolib/lib/libnibo2.a(pwm.o)
 .bss           0x008003d8        0x0 /home/defaultuser/nibolib/lib/libnibo2.a(delay.o)
 .bss           0x008003d8        0x0 /home/defaultuser/nibolib/lib/libnibo2.a(spi.o)
 .bss           0x008003d8        0x0 /home/defaultuser/nibolib/lib/libnibo2.a(gfx.o)
 .bss           0x008003d8        0x0 /home/defaultuser/nibolib/lib/libnibo2.a(copro.o)
 .bss           0x008003d8        0x0 /home/defaultuser/nibolib/lib/libnibo2.a(bot.o)
 .bss           0x008003d8        0x0 /home/defaultuser/nibolib/lib/libnibo2.a(leds.o)
 .bss           0x008003d8        0x0 /home/defaultuser/nibolib/lib/libnibo2.a(sound.o)
 .bss           0x008003d8        0x0 /home/defaultuser/nibolib/lib/libnibo2.a(adc.o)
 .bss           0x008003d8        0x0 /usr/lib/gcc/avr/4.3.4/../../../avr/lib/avr51/libm.a(addsf3.o)
 .bss           0x008003d8        0x0 /usr/lib/gcc/avr/4.3.4/../../../avr/lib/avr51/libm.a(addsf3x.o)
 .bss           0x008003d8        0x0 /usr/lib/gcc/avr/4.3.4/../../../avr/lib/avr51/libm.a(floatsisf.o)
 .bss           0x008003d8        0x0 /usr/lib/gcc/avr/4.3.4/../../../avr/lib/avr51/libm.a(fp_inf.o)
 .bss           0x008003d8        0x0 /usr/lib/gcc/avr/4.3.4/../../../avr/lib/avr51/libm.a(fp_nan.o)
 .bss           0x008003d8        0x0 /usr/lib/gcc/avr/4.3.4/../../../avr/lib/avr51/libm.a(fp_pscA.o)
 .bss           0x008003d8        0x0 /usr/lib/gcc/avr/4.3.4/../../../avr/lib/avr51/libm.a(fp_pscB.o)
 .bss           0x008003d8        0x0 /usr/lib/gcc/avr/4.3.4/../../../avr/lib/avr51/libm.a(fp_round.o)
 .bss           0x008003d8        0x0 /usr/lib/gcc/avr/4.3.4/../../../avr/lib/avr51/libm.a(fp_split3.o)
 .bss           0x008003d8        0x0 /usr/lib/gcc/avr/4.3.4/../../../avr/lib/avr51/libm.a(fp_zero.o)
 .bss           0x008003d8        0x0 /usr/lib/gcc/avr/4.3.4/../../../avr/lib/avr51/libm.a(mulsf3.o)
 .bss           0x008003d8        0x0 /usr/lib/gcc/avr/4.3.4/../../../avr/lib/avr51/libm.a(mulsf3x.o)
 .bss           0x008003d8        0x0 /usr/lib/gcc/avr/4.3.4/../../../avr/lib/avr51/libprintf_flt.a(vfprintf_flt.o)
 .bss           0x008003d8        0x0 /home/defaultuser/nibolib/lib/libnds3.a(i2cmaster.o)
 .bss           0x008003d8        0x0 /usr/lib/gcc/avr/4.3.4/avr51/libgcc.a(_divmodhi4.o)
 .bss           0x008003d8        0x0 /usr/lib/gcc/avr/4.3.4/avr51/libgcc.a(_udivmodsi4.o)
 .bss           0x008003d8        0x0 /usr/lib/gcc/avr/4.3.4/avr51/libgcc.a(_exit.o)
 .bss           0x008003d8        0x0 /usr/lib/gcc/avr/4.3.4/avr51/libgcc.a(_clear_bss.o)
 .bss           0x008003d8        0x0 /usr/lib/gcc/avr/4.3.4/avr51/libgcc.a(_udivmodhi4.o)
 .bss           0x008003d8        0x0 /usr/lib/gcc/avr/4.3.4/../../../avr/lib/avr51/libc.a(ftoa_engine.o)
 .bss           0x008003d8        0x0 /usr/lib/gcc/avr/4.3.4/../../../avr/lib/avr51/libc.a(strnlen_P.o)
 .bss           0x008003d8        0x0 /usr/lib/gcc/avr/4.3.4/../../../avr/lib/avr51/libc.a(strcpy.o)
 .bss           0x008003d8        0x0 /usr/lib/gcc/avr/4.3.4/../../../avr/lib/avr51/libc.a(strnlen.o)
 .bss           0x008003d8        0x0 /usr/lib/gcc/avr/4.3.4/../../../avr/lib/avr51/libc.a(fputc.o)
 .bss           0x008003d8        0x0 /usr/lib/gcc/avr/4.3.4/../../../avr/lib/avr51/libc.a(sprintf.o)
 .bss           0x008003d8        0x0 /usr/lib/gcc/avr/4.3.4/../../../avr/lib/avr51/libc.a(ultoa_invert.o)
 *(.bss*)
 *(COMMON)
 COMMON         0x008003d8        0xa ./src/xbee/niboCom.o
                0x008003d8                buffer
 COMMON         0x008003e2       0x14 ./src/xbee/uart0.o
                0x008003e2                uart0_txbuf_begin
                0x008003e3                uart0_rxbuf
                0x008003eb                uart0_txbuf
                0x008003f3                uart0_rxbuf_begin
                0x008003f4                uart0_rxbuf_end
                0x008003f5                uart0_txbuf_end
 COMMON         0x008003f6        0x1 /home/defaultuser/nibolib/lib/libnibo2.a(display.o)
                0x008003f6                display_type
 COMMON         0x008003f7        0xe /home/defaultuser/nibolib/lib/libnibo2.a(pwm.o)
                0x008003f7                pwm_channel_A
                0x008003f9                pwm_channel_B
                0x008003fb                pwm_timer_ms
                0x008003fd                pwm_channel_C
                0x008003ff                pwm_timer_sub
                0x00800401                pwm_timer_sec
 COMMON         0x00800405       0x3e /home/defaultuser/nibolib/lib/libnibo2.a(spi.o)
                0x00800405                spi_tx_buf
                0x00800420                spi_rx_size
                0x00800421                spi_err_cnt
                0x00800422                spi_tx_size
                0x00800423                spi_frame_cnt
                0x00800424                spi_size
                0x00800425                spi_rx_buf
                0x00800440                spi_tx_chk
                0x00800441                spi_pos
                0x00800442                spi_rx_chk
 COMMON         0x00800443        0xe /home/defaultuser/nibolib/lib/libnibo2.a(gfx.o)
                0x00800443                gfx_dm
                0x00800444                gfx_term_row
                0x00800445                gfx_proportional
                0x00800446                gfx_x
                0x00800447                gfx_tile
                0x0080044f                gfx_y
                0x00800450                gfx_term_col
 COMMON         0x00800451       0x5d /home/defaultuser/nibolib/lib/libnibo2.a(copro.o)
                0x00800451                copro_ticks_offset_r
                0x00800453                copro_ticks_offset_l
                0x00800455                copro_current_l
                0x00800457                copro_commands
                0x0080046c                copro_ticks_l
                0x0080046e                copro_rc5_cmd
                0x00800470                copro_distance
                0x0080047a                copro_pos_x
                0x0080047e                copro_pos_ori
                0x00800482                copro_speed_r
                0x00800484                copro_ticks_r
                0x00800486                copro_pos_y
                0x0080048a                copro_ir_mode
                0x0080048b                copro_rc5_count
                0x0080048c                copro_current_r
                0x0080048e                copro_buffer
                0x008004a9                copro_target_distance
                0x008004ab                copro_seq
                0x008004ac                copro_speed_l
 COMMON         0x008004ae        0x2 /home/defaultuser/nibolib/lib/libnibo2.a(bot.o)
                0x008004ae                bot_supply
 COMMON         0x008004b0        0x2 /home/defaultuser/nibolib/lib/libnibo2.a(adc.o)
                0x008004b0                adc_random_seed
 COMMON         0x008004b2       0x1a /home/defaultuser/nibolib/lib/libnds3.a(i2cmaster.o)
                0x008004b2                i2c_buf
                0x008004c6                i2c_state
                0x008004c7                i2c_size
                0x008004c8                i2c_last_TWSR
                0x008004c9                i2c_tx_size
                0x008004ca                i2c_pos
                0x008004cb                i2c_rx_size
                0x008004cc                PROVIDE (__bss_end, .)
                0x00003022                __data_load_start = LOADADDR (.data)
                0x000032f2                __data_load_end = (__data_load_start + SIZEOF (.data))

.noinit         0x008004cc        0x0
                0x008004cc                PROVIDE (__noinit_start, .)
 *(.noinit*)
                0x008004cc                PROVIDE (__noinit_end, .)
                0x008004cc                _end = .
                0x008004cc                PROVIDE (__heap_start, .)

.eeprom         0x00810000        0x0
 *(.eeprom*)
                0x00810000                __eeprom_end = .

.fuse
 *(.fuse)
 *(.lfuse)
 *(.hfuse)
 *(.efuse)

.lock
 *(.lock*)

.signature
 *(.signature*)

.stab           0x00000000     0x5424
 *(.stab)
 .stab          0x00000000      0x750 /usr/lib/gcc/avr/4.3.4/../../../avr/lib/avr51/crtm128.o
 .stab          0x00000750      0x804 ./src/xbee/niboCom.o
                                0x810 (size before relaxing)
 .stab          0x00000f54      0x4e0 ./src/xbee/uart0.o
                                0x6a8 (size before relaxing)
 .stab          0x00001434      0x4ec ./src/display/advDisplay.o
                                0x69c (size before relaxing)
 .stab          0x00001920      0x444 ./src/Application.o
                                0x708 (size before relaxing)
 .stab          0x00001d64       0x78 /usr/lib/gcc/avr/4.3.4/../../../avr/lib/avr51/libm.a(addsf3.o)
                                 0x84 (size before relaxing)
 .stab          0x00001ddc      0x4bc /usr/lib/gcc/avr/4.3.4/../../../avr/lib/avr51/libm.a(addsf3x.o)
                                0x4c8 (size before relaxing)
 .stab          0x00002298      0x318 /usr/lib/gcc/avr/4.3.4/../../../avr/lib/avr51/libm.a(floatsisf.o)
                                0x324 (size before relaxing)
 .stab          0x000025b0       0x78 /usr/lib/gcc/avr/4.3.4/../../../avr/lib/avr51/libm.a(fp_inf.o)
                                 0x84 (size before relaxing)
 .stab          0x00002628       0x54 /usr/lib/gcc/avr/4.3.4/../../../avr/lib/avr51/libm.a(fp_nan.o)
                                 0x60 (size before relaxing)
 .stab          0x0000267c       0x84 /usr/lib/gcc/avr/4.3.4/../../../avr/lib/avr51/libm.a(fp_pscA.o)
                                 0x90 (size before relaxing)
 .stab          0x00002700       0x84 /usr/lib/gcc/avr/4.3.4/../../../avr/lib/avr51/libm.a(fp_pscB.o)
                                 0x90 (size before relaxing)
 .stab          0x00002784       0xfc /usr/lib/gcc/avr/4.3.4/../../../avr/lib/avr51/libm.a(fp_round.o)
                                0x108 (size before relaxing)
 .stab          0x00002880      0x1d4 /usr/lib/gcc/avr/4.3.4/../../../avr/lib/avr51/libm.a(fp_split3.o)
                                0x1e0 (size before relaxing)
 .stab          0x00002a54       0x90 /usr/lib/gcc/avr/4.3.4/../../../avr/lib/avr51/libm.a(fp_zero.o)
                                 0x9c (size before relaxing)
 .stab          0x00002ae4       0x48 /usr/lib/gcc/avr/4.3.4/../../../avr/lib/avr51/libm.a(mulsf3.o)
                                 0x54 (size before relaxing)
 .stab          0x00002b2c      0x4d4 /usr/lib/gcc/avr/4.3.4/../../../avr/lib/avr51/libm.a(mulsf3x.o)
                                0x4e0 (size before relaxing)
 .stab          0x00003000      0xffc /usr/lib/gcc/avr/4.3.4/../../../avr/lib/avr51/libprintf_flt.a(vfprintf_flt.o)
                               0x1044 (size before relaxing)
 .stab          0x00003ffc      0xa38 /usr/lib/gcc/avr/4.3.4/../../../avr/lib/avr51/libc.a(ftoa_engine.o)
                                0xa44 (size before relaxing)
 .stab          0x00004a34       0x9c /usr/lib/gcc/avr/4.3.4/../../../avr/lib/avr51/libc.a(strnlen_P.o)
                                 0xa8 (size before relaxing)
 .stab          0x00004ad0       0x6c /usr/lib/gcc/avr/4.3.4/../../../avr/lib/avr51/libc.a(strcpy.o)
                                 0x78 (size before relaxing)
 .stab          0x00004b3c       0x9c /usr/lib/gcc/avr/4.3.4/../../../avr/lib/avr51/libc.a(strnlen.o)
                                 0xa8 (size before relaxing)
 .stab          0x00004bd8      0x1d4 /usr/lib/gcc/avr/4.3.4/../../../avr/lib/avr51/libc.a(fputc.o)
                                0x3b4 (size before relaxing)
 .stab          0x00004dac      0x1f8 /usr/lib/gcc/avr/4.3.4/../../../avr/lib/avr51/libc.a(sprintf.o)
                                0x3d8 (size before relaxing)
 .stab          0x00004fa4      0x480 /usr/lib/gcc/avr/4.3.4/../../../avr/lib/avr51/libc.a(ultoa_invert.o)
                                0x48c (size before relaxing)

.stabstr        0x00000000     0x1e74
 *(.stabstr)
 .stabstr       0x00000000     0x1e74 /usr/lib/gcc/avr/4.3.4/../../../avr/lib/avr51/crtm128.o

.stab.excl
 *(.stab.excl)

.stab.exclstr
 *(.stab.exclstr)

.stab.index
 *(.stab.index)

.stab.indexstr
 *(.stab.indexstr)

.comment
 *(.comment)

.debug
 *(.debug)

.line
 *(.line)

.debug_srcinfo
 *(.debug_srcinfo)

.debug_sfnames
 *(.debug_sfnames)

.debug_aranges
 *(.debug_aranges)

.debug_pubnames
 *(.debug_pubnames)

.debug_info
 *(.debug_info)
 *(.gnu.linkonce.wi.*)

.debug_abbrev
 *(.debug_abbrev)

.debug_line
 *(.debug_line)

.debug_frame
 *(.debug_frame)

.debug_str
 *(.debug_str)

.debug_loc
 *(.debug_loc)

.debug_macinfo
 *(.debug_macinfo)
OUTPUT(defaultCProject.elf elf32-avr)
LOAD linker stubs
