Archive member included because of file (symbol)

/home/defaultuser/nibolib/lib/libnibo2.a(display.o)
                              ./src/display/advDisplay.o (display_init)
/home/defaultuser/nibolib/lib/libnibo2.a(pwm.o)
                              ./src/Application.o (pwm_init)
/home/defaultuser/nibolib/lib/libnibo2.a(delay.o)
                              ./src/display/advDisplay.o (delay)
/home/defaultuser/nibolib/lib/libnibo2.a(spi.o)
                              ./src/Application.o (spi_init)
/home/defaultuser/nibolib/lib/libnibo2.a(gfx.o)
                              ./src/display/advDisplay.o (gfx_init)
/home/defaultuser/nibolib/lib/libnibo2.a(copro.o)
                              ./src/Application.o (copro_update)
/home/defaultuser/nibolib/lib/libnibo2.a(bot.o)
                              ./src/display/advDisplay.o (bot_update)
/home/defaultuser/nibolib/lib/libnibo2.a(leds.o)
                              ./src/Application.o (leds_init)
/home/defaultuser/nibolib/lib/libnibo2.a(sound.o)
                              ./src/Application.o (sound_init)
/home/defaultuser/nibolib/lib/libnibo2.a(adc.o)
                              /home/defaultuser/nibolib/lib/libnibo2.a(bot.o) (adc_read)
/usr/lib/gcc/avr/4.3.4/../../../avr/lib/avr51/libm.a(addsf3.o)
                              ./src/display/advDisplay.o (__subsf3)
/usr/lib/gcc/avr/4.3.4/../../../avr/lib/avr51/libm.a(addsf3x.o)
                              /usr/lib/gcc/avr/4.3.4/../../../avr/lib/avr51/libm.a(addsf3.o) (__addsf3x)
/usr/lib/gcc/avr/4.3.4/../../../avr/lib/avr51/libm.a(floatsisf.o)
                              ./src/display/advDisplay.o (__floatunsisf)
/usr/lib/gcc/avr/4.3.4/../../../avr/lib/avr51/libm.a(fp_inf.o)
                              /usr/lib/gcc/avr/4.3.4/../../../avr/lib/avr51/libm.a(addsf3x.o) (__fp_inf)
/usr/lib/gcc/avr/4.3.4/../../../avr/lib/avr51/libm.a(fp_nan.o)
                              /usr/lib/gcc/avr/4.3.4/../../../avr/lib/avr51/libm.a(addsf3x.o) (__fp_nan)
/usr/lib/gcc/avr/4.3.4/../../../avr/lib/avr51/libm.a(fp_pscA.o)
                              /usr/lib/gcc/avr/4.3.4/../../../avr/lib/avr51/libm.a(addsf3x.o) (__fp_pscA)
/usr/lib/gcc/avr/4.3.4/../../../avr/lib/avr51/libm.a(fp_pscB.o)
                              /usr/lib/gcc/avr/4.3.4/../../../avr/lib/avr51/libm.a(addsf3x.o) (__fp_pscB)
/usr/lib/gcc/avr/4.3.4/../../../avr/lib/avr51/libm.a(fp_round.o)
                              /usr/lib/gcc/avr/4.3.4/../../../avr/lib/avr51/libm.a(addsf3.o) (__fp_round)
/usr/lib/gcc/avr/4.3.4/../../../avr/lib/avr51/libm.a(fp_split3.o)
                              /usr/lib/gcc/avr/4.3.4/../../../avr/lib/avr51/libm.a(addsf3x.o) (__fp_split3)
/usr/lib/gcc/avr/4.3.4/../../../avr/lib/avr51/libm.a(fp_zero.o)
                              /usr/lib/gcc/avr/4.3.4/../../../avr/lib/avr51/libm.a(addsf3x.o) (__fp_zero)
/usr/lib/gcc/avr/4.3.4/../../../avr/lib/avr51/libm.a(mulsf3.o)
                              ./src/display/advDisplay.o (__mulsf3)
/usr/lib/gcc/avr/4.3.4/../../../avr/lib/avr51/libm.a(mulsf3x.o)
                              /usr/lib/gcc/avr/4.3.4/../../../avr/lib/avr51/libm.a(mulsf3.o) (__mulsf3x)
/usr/lib/gcc/avr/4.3.4/../../../avr/lib/avr51/libprintf_flt.a(vfprintf_flt.o)
                              (vfprintf)
/home/defaultuser/nibolib/lib/libnds3.a(i2cmaster.o)
                              ./src/Application.o (i2c_init)
/usr/lib/gcc/avr/4.3.4/avr51/libgcc.a(_divmodhi4.o)
                              ./src/display/advDisplay.o (__divmodhi4)
/usr/lib/gcc/avr/4.3.4/avr51/libgcc.a(_udivmodsi4.o)
                              ./src/xbee/uart0.o (__udivmodsi4)
/usr/lib/gcc/avr/4.3.4/avr51/libgcc.a(_exit.o)
                              /usr/lib/gcc/avr/4.3.4/../../../avr/lib/avr51/crtm128.o (exit)
/usr/lib/gcc/avr/4.3.4/avr51/libgcc.a(_clear_bss.o)
                              ./src/xbee/niboCom.o (__do_clear_bss)
/usr/lib/gcc/avr/4.3.4/avr51/libgcc.a(_udivmodhi4.o)
                              /usr/lib/gcc/avr/4.3.4/avr51/libgcc.a(_divmodhi4.o) (__udivmodhi4)
/usr/lib/gcc/avr/4.3.4/../../../avr/lib/avr51/libc.a(ftoa_engine.o)
                              /usr/lib/gcc/avr/4.3.4/../../../avr/lib/avr51/libprintf_flt.a(vfprintf_flt.o) (__ftoa_engine)
/usr/lib/gcc/avr/4.3.4/../../../avr/lib/avr51/libc.a(strnlen_P.o)
                              /usr/lib/gcc/avr/4.3.4/../../../avr/lib/avr51/libprintf_flt.a(vfprintf_flt.o) (strnlen_P)
/usr/lib/gcc/avr/4.3.4/../../../avr/lib/avr51/libc.a(strcpy.o)
                              ./src/display/advDisplay.o (strcpy)
/usr/lib/gcc/avr/4.3.4/../../../avr/lib/avr51/libc.a(strnlen.o)
                              /usr/lib/gcc/avr/4.3.4/../../../avr/lib/avr51/libprintf_flt.a(vfprintf_flt.o) (strnlen)
/usr/lib/gcc/avr/4.3.4/../../../avr/lib/avr51/libc.a(fputc.o)
                              /usr/lib/gcc/avr/4.3.4/../../../avr/lib/avr51/libprintf_flt.a(vfprintf_flt.o) (fputc)
/usr/lib/gcc/avr/4.3.4/../../../avr/lib/avr51/libc.a(sprintf.o)
                              ./src/display/advDisplay.o (sprintf)
/usr/lib/gcc/avr/4.3.4/../../../avr/lib/avr51/libc.a(ultoa_invert.o)
                              /usr/lib/gcc/avr/4.3.4/../../../avr/lib/avr51/libprintf_flt.a(vfprintf_flt.o) (__ultoa_invert)

Allocating common symbols
Common symbol       size              file

copro_ticks_offset_r
                    0x2               /home/defaultuser/nibolib/lib/libnibo2.a(copro.o)
copro_ticks_offset_l
                    0x2               /home/defaultuser/nibolib/lib/libnibo2.a(copro.o)
copro_current_l     0x2               /home/defaultuser/nibolib/lib/libnibo2.a(copro.o)
gfx_dm              0x1               /home/defaultuser/nibolib/lib/libnibo2.a(gfx.o)
adc_random_seed     0x2               /home/defaultuser/nibolib/lib/libnibo2.a(adc.o)
spi_tx_buf          0x1b              /home/defaultuser/nibolib/lib/libnibo2.a(spi.o)
copro_commands      0x15              /home/defaultuser/nibolib/lib/libnibo2.a(copro.o)
spi_rx_size         0x1               /home/defaultuser/nibolib/lib/libnibo2.a(spi.o)
copro_ticks_l       0x2               /home/defaultuser/nibolib/lib/libnibo2.a(copro.o)
i2c_buf             0x14              /home/defaultuser/nibolib/lib/libnds3.a(i2cmaster.o)
copro_rc5_cmd       0x2               /home/defaultuser/nibolib/lib/libnibo2.a(copro.o)
pwm_channel_A       0x2               /home/defaultuser/nibolib/lib/libnibo2.a(pwm.o)
copro_distance      0xa               /home/defaultuser/nibolib/lib/libnibo2.a(copro.o)
spi_err_cnt         0x1               /home/defaultuser/nibolib/lib/libnibo2.a(spi.o)
i2c_state           0x1               /home/defaultuser/nibolib/lib/libnds3.a(i2cmaster.o)
copro_pos_x         0x4               /home/defaultuser/nibolib/lib/libnibo2.a(copro.o)
copro_pos_ori       0x4               /home/defaultuser/nibolib/lib/libnibo2.a(copro.o)
copro_speed_r       0x2               /home/defaultuser/nibolib/lib/libnibo2.a(copro.o)
pwm_channel_B       0x2               /home/defaultuser/nibolib/lib/libnibo2.a(pwm.o)
pwm_timer_ms        0x2               /home/defaultuser/nibolib/lib/libnibo2.a(pwm.o)
spi_tx_size         0x1               /home/defaultuser/nibolib/lib/libnibo2.a(spi.o)
gfx_term_row        0x1               /home/defaultuser/nibolib/lib/libnibo2.a(gfx.o)
gfx_proportional    0x1               /home/defaultuser/nibolib/lib/libnibo2.a(gfx.o)
copro_ticks_r       0x2               /home/defaultuser/nibolib/lib/libnibo2.a(copro.o)
uart0_txbuf_begin   0x1               ./src/xbee/uart0.o
copro_pos_y         0x4               /home/defaultuser/nibolib/lib/libnibo2.a(copro.o)
bot_supply          0x2               /home/defaultuser/nibolib/lib/libnibo2.a(bot.o)
buffer              0xa               ./src/xbee/niboCom.o
spi_frame_cnt       0x1               /home/defaultuser/nibolib/lib/libnibo2.a(spi.o)
i2c_size            0x1               /home/defaultuser/nibolib/lib/libnds3.a(i2cmaster.o)
copro_ir_mode       0x1               /home/defaultuser/nibolib/lib/libnibo2.a(copro.o)
spi_size            0x1               /home/defaultuser/nibolib/lib/libnibo2.a(spi.o)
copro_rc5_count     0x1               /home/defaultuser/nibolib/lib/libnibo2.a(copro.o)
display_type        0x1               /home/defaultuser/nibolib/lib/libnibo2.a(display.o)
uart0_rxbuf         0x8               ./src/xbee/uart0.o
uart0_txbuf         0x8               ./src/xbee/uart0.o
gfx_x               0x1               /home/defaultuser/nibolib/lib/libnibo2.a(gfx.o)
copro_current_r     0x2               /home/defaultuser/nibolib/lib/libnibo2.a(copro.o)
copro_buffer        0x1b              /home/defaultuser/nibolib/lib/libnibo2.a(copro.o)
i2c_last_TWSR       0x1               /home/defaultuser/nibolib/lib/libnds3.a(i2cmaster.o)
i2c_tx_size         0x1               /home/defaultuser/nibolib/lib/libnds3.a(i2cmaster.o)
spi_rx_buf          0x1b              /home/defaultuser/nibolib/lib/libnibo2.a(spi.o)
uart0_rxbuf_begin   0x1               ./src/xbee/uart0.o
i2c_pos             0x1               /home/defaultuser/nibolib/lib/libnds3.a(i2cmaster.o)
gfx_tile            0x8               /home/defaultuser/nibolib/lib/libnibo2.a(gfx.o)
pwm_channel_C       0x2               /home/defaultuser/nibolib/lib/libnibo2.a(pwm.o)
spi_tx_chk          0x1               /home/defaultuser/nibolib/lib/libnibo2.a(spi.o)
uart0_rxbuf_end     0x1               ./src/xbee/uart0.o
pwm_timer_sub       0x2               /home/defaultuser/nibolib/lib/libnibo2.a(pwm.o)
pwm_timer_sec       0x4               /home/defaultuser/nibolib/lib/libnibo2.a(pwm.o)
spi_pos             0x1               /home/defaultuser/nibolib/lib/libnibo2.a(spi.o)
uart0_txbuf_end     0x1               ./src/xbee/uart0.o
gfx_y               0x1               /home/defaultuser/nibolib/lib/libnibo2.a(gfx.o)
copro_target_distance
                    0x2               /home/defaultuser/nibolib/lib/libnibo2.a(copro.o)
spi_rx_chk          0x1               /home/defaultuser/nibolib/lib/libnibo2.a(spi.o)
i2c_rx_size         0x1               /home/defaultuser/nibolib/lib/libnds3.a(i2cmaster.o)
gfx_term_col        0x1               /home/defaultuser/nibolib/lib/libnibo2.a(gfx.o)
copro_seq           0x1               /home/defaultuser/nibolib/lib/libnibo2.a(copro.o)
copro_speed_l       0x2               /home/defaultuser/nibolib/lib/libnibo2.a(copro.o)

Memory Configuration

Name             Origin             Length             Attributes
text             0x00000000         0x00020000         xr
data             0x00800060         0x0000ffa0         rw !x
eeprom           0x00810000         0x00010000         rw !x
fuse             0x00820000         0x00000400         rw !x
lock             0x00830000         0x00000400         rw !x
signature        0x00840000         0x00000400         rw !x
*default*        0x00000000         0xffffffff

Linker script and memory map

Address of section .data set to 0x800100
LOAD /usr/lib/gcc/avr/4.3.4/../../../avr/lib/avr51/crtm128.o
LOAD ./src/xbee/niboCom.o
LOAD ./src/xbee/uart0.o
LOAD ./src/display/advDisplay.o
LOAD ./src/Application.o
LOAD /home/defaultuser/nibolib/lib/libnibo2.a
LOAD /usr/lib/gcc/avr/4.3.4/../../../avr/lib/avr51/libm.a
LOAD /usr/lib/gcc/avr/4.3.4/../../../avr/lib/avr51/libprintf_flt.a
LOAD /home/defaultuser/nibolib/lib/libnds3.a
LOAD /home/defaultuser/nibolib/lib/libxbee-1.a
LOAD /usr/lib/gcc/avr/4.3.4/avr51/libgcc.a
LOAD /usr/lib/gcc/avr/4.3.4/../../../avr/lib/avr51/libc.a
LOAD /usr/lib/gcc/avr/4.3.4/avr51/libgcc.a

.hash
 *(.hash)

.dynsym
 *(.dynsym)

.dynstr
 *(.dynstr)

.gnu.version
 *(.gnu.version)

.gnu.version_d
 *(.gnu.version_d)

.gnu.version_r
 *(.gnu.version_r)

.rel.init
 *(.rel.init)

.rela.init
 *(.rela.init)

.rel.text
 *(.rel.text)
 *(.rel.text.*)
 *(.rel.gnu.linkonce.t*)

.rela.text
 *(.rela.text)
 *(.rela.text.*)
 *(.rela.gnu.linkonce.t*)

.rel.fini
 *(.rel.fini)

.rela.fini
 *(.rela.fini)

.rel.rodata
 *(.rel.rodata)
 *(.rel.rodata.*)
 *(.rel.gnu.linkonce.r*)

.rela.rodata
 *(.rela.rodata)
 *(.rela.rodata.*)
 *(.rela.gnu.linkonce.r*)

.rel.data
 *(.rel.data)
 *(.rel.data.*)
 *(.rel.gnu.linkonce.d*)

.rela.data
 *(.rela.data)
 *(.rela.data.*)
 *(.rela.gnu.linkonce.d*)

.rel.ctors
 *(.rel.ctors)

.rela.ctors
 *(.rela.ctors)

.rel.dtors
 *(.rel.dtors)

.rela.dtors
 *(.rela.dtors)

.rel.got
 *(.rel.got)

.rela.got
 *(.rela.got)

.rel.bss
 *(.rel.bss)

.rela.bss
 *(.rela.bss)

.rel.plt
 *(.rel.plt)

.rela.plt
 *(.rela.plt)

.text           0x00000000     0x2fe6
 *(.vectors)
 .vectors       0x00000000       0x8c /usr/lib/gcc/avr/4.3.4/../../../avr/lib/avr51/crtm128.o
                0x00000000                __vectors
                0x00000000                __vector_default
 *(.vectors)
 *(.progmem.gcc*)
 *(.progmem*)
 .progmem.data  0x0000008c      0x1a4 ./src/display/advDisplay.o
 .progmem.data  0x00000230        0x9 /home/defaultuser/nibolib/lib/libnibo2.a(bot.o)
                0x00000230                bot_lib_revision
                0x00000234                bot_lib_version
 .progmem.data  0x00000239        0x8 /usr/lib/gcc/avr/4.3.4/../../../avr/lib/avr51/libprintf_flt.a(vfprintf_flt.o)
 .progmem.data  0x00000241       0xfa /usr/lib/gcc/avr/4.3.4/../../../avr/lib/avr51/libc.a(ftoa_engine.o)
                0x0000033c                . = ALIGN (0x2)
 *fill*         0x0000033b        0x1 00
                0x0000033c                __trampolines_start = .
 *(.trampolines)
 .trampolines   0x0000033c        0x0 linker stubs
 *(.trampolines*)
                0x0000033c                __trampolines_end = .
 *(.jumptables)
 *(.jumptables*)
 *(.lowtext)
 *(.lowtext*)
                0x0000033c                __ctors_start = .
 *(.ctors)
                0x0000033c                __ctors_end = .
                0x0000033c                __dtors_start = .
 *(.dtors)
                0x0000033c                __dtors_end = .
 SORT(*)(.ctors)
 SORT(*)(.dtors)
 *(.init0)
 .init0         0x0000033c        0x0 /usr/lib/gcc/avr/4.3.4/../../../avr/lib/avr51/crtm128.o
                0x0000033c                __init
 *(.init0)
 *(.init1)
 *(.init1)
 *(.init2)
 .init2         0x0000033c        0xc /usr/lib/gcc/avr/4.3.4/../../../avr/lib/avr51/crtm128.o
 *(.init2)
 *(.init3)
 *(.init3)
 *(.init4)
 .init4         0x00000348       0x1a /usr/lib/gcc/avr/4.3.4/../../../avr/lib/avr51/crtm128.o
                0x00000348                __do_copy_data
 .init4         0x00000362       0x10 /usr/lib/gcc/avr/4.3.4/avr51/libgcc.a(_clear_bss.o)
                0x00000362                __do_clear_bss
 *(.init4)
 *(.init5)
 *(.init5)
 *(.init6)
 *(.init6)
 *(.init7)
 *(.init7)
 *(.init8)
 *(.init8)
 *(.init9)
 .init9         0x00000372        0x8 /usr/lib/gcc/avr/4.3.4/../../../avr/lib/avr51/crtm128.o
 *(.init9)
 *(.text)
 .text          0x0000037a        0x4 /usr/lib/gcc/avr/4.3.4/../../../avr/lib/avr51/crtm128.o
                0x0000037a                __vector_22
                0x0000037a                __vector_28
                0x0000037a                __vector_1
                0x0000037a                __vector_32
                0x0000037a                __vector_34
                0x0000037a                __vector_24
                0x0000037a                __vector_12
                0x0000037a                __bad_interrupt
                0x0000037a                __vector_6
                0x0000037a                __vector_31
                0x0000037a                __vector_3
                0x0000037a                __vector_23
                0x0000037a                __vector_30
                0x0000037a                __vector_25
                0x0000037a                __vector_11
                0x0000037a                __vector_13
                0x0000037a                __vector_7
                0x0000037a                __vector_27
                0x0000037a                __vector_5
                0x0000037a                __vector_4
                0x0000037a                __vector_9
                0x0000037a                __vector_2
                0x0000037a                __vector_21
                0x0000037a                __vector_15
                0x0000037a                __vector_29
                0x0000037a                __vector_8
                0x0000037a                __vector_26
                0x0000037a                __vector_16
                0x0000037a                __vector_20
 .text          0x0000037e      0x1a6 ./src/xbee/niboCom.o
                0x0000037e                niboCom_getCMD
                0x0000039c                niboCom_setAuto
                0x000003a2                niboCom_getchar
                0x000003b8                niboCom_uartInterrupt
                0x00000424                niboCom_putchar
                0x00000438                niboCom_putPackage
                0x0000048c                niboCom_putDistance
                0x000004ae                niboCom_putDircetionChange
                0x000004ba                niboCom_putNDSDistance
                0x000004c8                niboCom_putIRDistance
                0x00000510                niboCom_init_with_baud
                0x0000051a                niboCom_init
 .text          0x00000524      0x184 ./src/xbee/uart0.o
                0x00000524                uart0_set_baudrate
                0x00000550                uart0_getchar
                0x00000582                uart0_putchar
                0x000005bc                uart0_enable
                0x000005c2                uart0_disable
                0x000005c6                __vector_19
                0x00000624                __vector_18
 .text          0x000006a8      0x226 ./src/display/advDisplay.o
                0x000006a8                advDisplay_printTerminal
                0x0000072a                advDisplay_append_line
                0x00000798                advDisplay_clear
                0x000007da                advDisplay_init
                0x000007f8                advDisplay_printVoltage
 .text          0x000008ce      0x134 ./src/Application.o
                0x000008ce                initNibo
                0x00000908                main
                0x0000091a                checkDistance
                0x000009b2                __vector_10
 .text          0x00000a02        0x0 /home/defaultuser/nibolib/lib/libnibo2.a(display.o)
 .text          0x00000a02        0x0 /home/defaultuser/nibolib/lib/libnibo2.a(pwm.o)
 .text          0x00000a02        0x0 /home/defaultuser/nibolib/lib/libnibo2.a(delay.o)
 .text          0x00000a02        0x0 /home/defaultuser/nibolib/lib/libnibo2.a(spi.o)
 .text          0x00000a02        0x0 /home/defaultuser/nibolib/lib/libnibo2.a(gfx.o)
 .text          0x00000a02        0x0 /home/defaultuser/nibolib/lib/libnibo2.a(copro.o)
 .text          0x00000a02        0x0 /home/defaultuser/nibolib/lib/libnibo2.a(bot.o)
 .text          0x00000a02        0x0 /home/defaultuser/nibolib/lib/libnibo2.a(leds.o)
 .text          0x00000a02        0x0 /home/defaultuser/nibolib/lib/libnibo2.a(sound.o)
 .text          0x00000a02        0x0 /home/defaultuser/nibolib/lib/libnibo2.a(adc.o)
 .text          0x00000a02        0x0 /usr/lib/gcc/avr/4.3.4/../../../avr/lib/avr51/libm.a(addsf3.o)
 .text          0x00000a02        0x0 /usr/lib/gcc/avr/4.3.4/../../../avr/lib/avr51/libm.a(addsf3x.o)
 .text          0x00000a02        0x0 /usr/lib/gcc/avr/4.3.4/../../../avr/lib/avr51/libm.a(floatsisf.o)
 .text          0x00000a02        0x0 /usr/lib/gcc/avr/4.3.4/../../../avr/lib/avr51/libm.a(fp_inf.o)
 .text          0x00000a02        0x0 /usr/lib/gcc/avr/4.3.4/../../../avr/lib/avr51/libm.a(fp_nan.o)
 .text          0x00000a02        0x0 /usr/lib/gcc/avr/4.3.4/../../../avr/lib/avr51/libm.a(fp_pscA.o)
 .text          0x00000a02        0x0 /usr/lib/gcc/avr/4.3.4/../../../avr/lib/avr51/libm.a(fp_pscB.o)
 .text          0x00000a02        0x0 /usr/lib/gcc/avr/4.3.4/../../../avr/lib/avr51/libm.a(fp_round.o)
 .text          0x00000a02        0x0 /usr/lib/gcc/avr/4.3.4/../../../avr/lib/avr51/libm.a(fp_split3.o)
 .text          0x00000a02        0x0 /usr/lib/gcc/avr/4.3.4/../../../avr/lib/avr51/libm.a(fp_zero.o)
 .text          0x00000a02        0x0 /usr/lib/gcc/avr/4.3.4/../../../avr/lib/avr51/libm.a(mulsf3.o)
 .text          0x00000a02        0x0 /usr/lib/gcc/avr/4.3.4/../../../avr/lib/avr51/libm.a(mulsf3x.o)
 .text          0x00000a02        0x0 /usr/lib/gcc/avr/4.3.4/../../../avr/lib/avr51/libprintf_flt.a(vfprintf_flt.o)
 .text          0x00000a02        0x0 /home/defaultuser/nibolib/lib/libnds3.a(i2cmaster.o)
 .text          0x00000a02        0x0 /usr/lib/gcc/avr/4.3.4/avr51/libgcc.a(_divmodhi4.o)
 .text          0x00000a02        0x0 /usr/lib/gcc/avr/4.3.4/avr51/libgcc.a(_udivmodsi4.o)
 .text          0x00000a02        0x0 /usr/lib/gcc/avr/4.3.4/avr51/libgcc.a(_exit.o)
 .text          0x00000a02        0x0 /usr/lib/gcc/avr/4.3.4/avr51/libgcc.a(_clear_bss.o)
 .text          0x00000a02        0x0 /usr/lib/gcc/avr/4.3.4/avr51/libgcc.a(_udivmodhi4.o)
 .text          0x00000a02        0x0 /usr/lib/gcc/avr/4.3.4/../../../avr/lib/avr51/libc.a(ftoa_engine.o)
 .text          0x00000a02        0x0 /usr/lib/gcc/avr/4.3.4/../../../avr/lib/avr51/libc.a(strnlen_P.o)
 .text          0x00000a02        0x0 /usr/lib/gcc/avr/4.3.4/../../../avr/lib/avr51/libc.a(strcpy.o)
 .text          0x00000a02        0x0 /usr/lib/gcc/avr/4.3.4/../../../avr/lib/avr51/libc.a(strnlen.o)
 .text          0x00000a02        0x0 /usr/lib/gcc/avr/4.3.4/../../../avr/lib/avr51/libc.a(fputc.o)
 .text          0x00000a02        0x0 /usr/lib/gcc/avr/4.3.4/../../../avr/lib/avr51/libc.a(sprintf.o)
 .text          0x00000a02        0x0 /usr/lib/gcc/avr/4.3.4/../../../avr/lib/avr51/libc.a(ultoa_invert.o)
                0x00000a02                . = ALIGN (0x2)
 *(.text.*)
 .text.display_write
                0x00000a02       0x86 /home/defaultuser/nibolib/lib/libnibo2.a(display.o)
                0x00000a02                display_write
 .text.display_read
                0x00000a88       0x82 /home/defaultuser/nibolib/lib/libnibo2.a(display.o)
                0x00000a88                display_read
 .text.display_wait
                0x00000b0a       0x34 /home/defaultuser/nibolib/lib/libnibo2.a(display.o)
                0x00000b0a                display_wait
 .text.display_init
                0x00000b3e       0xbc /home/defaultuser/nibolib/lib/libnibo2.a(display.o)
                0x00000b3e                display_init
 .text.pwm_init
                0x00000bfa       0x64 /home/defaultuser/nibolib/lib/libnibo2.a(pwm.o)
                0x00000bfa                pwm_init
 .text.__vector_14
                0x00000c5e      0x108 /home/defaultuser/nibolib/lib/libnibo2.a(pwm.o)
                0x00000c5e                __vector_14
 .text.delay    0x00000d66       0x14 /home/defaultuser/nibolib/lib/libnibo2.a(delay.o)
                0x00000d66                delay
 .text.spi_restart_transmission
                0x00000d7a       0x3a /home/defaultuser/nibolib/lib/libnibo2.a(spi.o)
                0x00000d7a                spi_restart_transmission
 .text.spi_init
                0x00000db4       0x10 /home/defaultuser/nibolib/lib/libnibo2.a(spi.o)
                0x00000db4                spi_init
 .text.__vector_17
                0x00000dc4      0x12e /home/defaultuser/nibolib/lib/libnibo2.a(spi.o)
                0x00000dc4                __vector_17
 .text.gfx_get_x
                0x00000ef2        0x6 /home/defaultuser/nibolib/lib/libnibo2.a(gfx.o)
                0x00000ef2                gfx_get_x
 .text.gfx_get_y
                0x00000ef8        0x6 /home/defaultuser/nibolib/lib/libnibo2.a(gfx.o)
                0x00000ef8                gfx_get_y
 .text.gfx_draw_mode
                0x00000efe        0x6 /home/defaultuser/nibolib/lib/libnibo2.a(gfx.o)
                0x00000efe                gfx_draw_mode
 .text.gfx_char_width
                0x00000f04       0x40 /home/defaultuser/nibolib/lib/libnibo2.a(gfx.o)
                0x00000f04                gfx_char_width
 .text.gfx_text_width
                0x00000f44       0x26 /home/defaultuser/nibolib/lib/libnibo2.a(gfx.o)
                0x00000f44                gfx_text_width
 .text.gfx_text_width_P
                0x00000f6a       0x2e /home/defaultuser/nibolib/lib/libnibo2.a(gfx.o)
                0x00000f6a                gfx_text_width_P
 .text.gfx_set_proportional
                0x00000f98        0x6 /home/defaultuser/nibolib/lib/libnibo2.a(gfx.o)
                0x00000f98                gfx_set_proportional
 .text.gfx_get_proportional
                0x00000f9e        0x6 /home/defaultuser/nibolib/lib/libnibo2.a(gfx.o)
                0x00000f9e                gfx_get_proportional
 .text.gfx_term_goto
                0x00000fa4       0x12 /home/defaultuser/nibolib/lib/libnibo2.a(gfx.o)
                0x00000fa4                gfx_term_goto
 .text.gfx_store_disp_tile
                0x00000fb6       0xae /home/defaultuser/nibolib/lib/libnibo2.a(gfx.o)
 .text.gfx_fill
                0x00001064       0x74 /home/defaultuser/nibolib/lib/libnibo2.a(gfx.o)
                0x00001064                gfx_fill
 .text.gfx_term_clear
                0x000010d8       0x10 /home/defaultuser/nibolib/lib/libnibo2.a(gfx.o)
                0x000010d8                gfx_term_clear
 .text.gfx_init
                0x000010e8       0x7e /home/defaultuser/nibolib/lib/libnibo2.a(gfx.o)
                0x000010e8                gfx_init
 .text.gfx_move
                0x00001166       0x6a /home/defaultuser/nibolib/lib/libnibo2.a(gfx.o)
                0x00001166                gfx_move
 .text.gfx_term_scroll
                0x000011d0       0xe4 /home/defaultuser/nibolib/lib/libnibo2.a(gfx.o)
                0x000011d0                gfx_term_scroll
 .text.gfx_display_write2
                0x000012b4       0x90 /home/defaultuser/nibolib/lib/libnibo2.a(gfx.o)
                0x000012b4                gfx_display_write2
 .text.gfx_pixel
                0x00001344       0x26 /home/defaultuser/nibolib/lib/libnibo2.a(gfx.o)
                0x00001344                gfx_pixel
 .text.gfx_draw_xbm_P
                0x0000136a      0x1a4 /home/defaultuser/nibolib/lib/libnibo2.a(gfx.o)
                0x0000136a                gfx_draw_xbm_P
 .text.gfx_draw_xbm
                0x0000150e      0x1a4 /home/defaultuser/nibolib/lib/libnibo2.a(gfx.o)
                0x0000150e                gfx_draw_xbm
 .text.gfx_box  0x000016b2       0x9a /home/defaultuser/nibolib/lib/libnibo2.a(gfx.o)
                0x000016b2                gfx_box
 .text.gfx_vline
                0x0000174c        0xa /home/defaultuser/nibolib/lib/libnibo2.a(gfx.o)
                0x0000174c                gfx_vline
 .text.gfx_hline
                0x00001756       0x30 /home/defaultuser/nibolib/lib/libnibo2.a(gfx.o)
                0x00001756                gfx_hline
 .text.gfx_lineTo
                0x00001786      0x112 /home/defaultuser/nibolib/lib/libnibo2.a(gfx.o)
                0x00001786                gfx_lineTo
 .text.gfx_print_char_base
                0x00001898       0xe0 /home/defaultuser/nibolib/lib/libnibo2.a(gfx.o)
                0x00001898                gfx_print_char_base
 .text.gfx_print_char
                0x00001978       0x48 /home/defaultuser/nibolib/lib/libnibo2.a(gfx.o)
                0x00001978                gfx_print_char
 .text.gfx_term_print
                0x000019c0       0x88 /home/defaultuser/nibolib/lib/libnibo2.a(gfx.o)
                0x000019c0                gfx_term_print
 .text.gfx_print_text_P
                0x00001a48       0x22 /home/defaultuser/nibolib/lib/libnibo2.a(gfx.o)
                0x00001a48                gfx_print_text_P
 .text.gfx_print_text
                0x00001a6a       0x1a /home/defaultuser/nibolib/lib/libnibo2.a(gfx.o)
                0x00001a6a                gfx_print_text
 .text._copro_check_busy
                0x00001a84       0x26 /home/defaultuser/nibolib/lib/libnibo2.a(copro.o)
                0x00001a84                _copro_check_busy
 .text.copro_update
                0x00001aaa      0x138 /home/defaultuser/nibolib/lib/libnibo2.a(copro.o)
                0x00001aaa                copro_update
 .text.copro_stop
                0x00001be2        0xc /home/defaultuser/nibolib/lib/libnibo2.a(copro.o)
                0x00001be2                copro_stop
 .text.copro_stopImmediate
                0x00001bee        0xe /home/defaultuser/nibolib/lib/libnibo2.a(copro.o)
                0x00001bee                copro_stopImmediate
 .text.copro_setPWM
                0x00001bfc       0x1e /home/defaultuser/nibolib/lib/libnibo2.a(copro.o)
                0x00001bfc                copro_setPWM
 .text.copro_setSpeed
                0x00001c1a       0x1e /home/defaultuser/nibolib/lib/libnibo2.a(copro.o)
                0x00001c1a                copro_setSpeed
 .text.copro_setTargetAbs
                0x00001c38       0x42 /home/defaultuser/nibolib/lib/libnibo2.a(copro.o)
                0x00001c38                copro_setTargetAbs
 .text.copro_setTargetRel
                0x00001c7a       0x26 /home/defaultuser/nibolib/lib/libnibo2.a(copro.o)
                0x00001c7a                copro_setTargetRel
 .text.copro_setSpeedParameters
                0x00001ca0       0x2e /home/defaultuser/nibolib/lib/libnibo2.a(copro.o)
                0x00001ca0                copro_setSpeedParameters
 .text.copro_setPositionParameters
                0x00001cce        0x4 /home/defaultuser/nibolib/lib/libnibo2.a(copro.o)
                0x00001cce                copro_setPositionParameters
 .text.copro_resetOdometry
                0x00001cd2       0x54 /home/defaultuser/nibolib/lib/libnibo2.a(copro.o)
                0x00001cd2                copro_resetOdometry
 .text.copro_ir_stop
                0x00001d26       0x20 /home/defaultuser/nibolib/lib/libnibo2.a(copro.o)
                0x00001d26                copro_ir_stop
 .text.copro_ir_startMeasure
                0x00001d46       0x20 /home/defaultuser/nibolib/lib/libnibo2.a(copro.o)
                0x00001d46                copro_ir_startMeasure
 .text.copro_transmitRC5
                0x00001d66       0x2a /home/defaultuser/nibolib/lib/libnibo2.a(copro.o)
                0x00001d66                copro_transmitRC5
 .text.spi_finished_callback
                0x00001d90       0xac /home/defaultuser/nibolib/lib/libnibo2.a(copro.o)
                0x00001d90                spi_finished_callback
 .text.bot_update
                0x00001e3c       0x10 /home/defaultuser/nibolib/lib/libnibo2.a(bot.o)
                0x00001e3c                bot_update
 .text.bot_init
                0x00001e4c       0x18 /home/defaultuser/nibolib/lib/libnibo2.a(bot.o)
                0x00001e4c                bot_init
 .text.leds_init
                0x00001e64       0x10 /home/defaultuser/nibolib/lib/libnibo2.a(leds.o)
                0x00001e64                leds_init
 .text.leds_set_status
                0x00001e74       0x66 /home/defaultuser/nibolib/lib/libnibo2.a(leds.o)
                0x00001e74                leds_set_status
 .text.leds_set_status_intensity
                0x00001eda        0xa /home/defaultuser/nibolib/lib/libnibo2.a(leds.o)
                0x00001eda                leds_set_status_intensity
 .text.leds_get_status_intensity
                0x00001ee4        0xa /home/defaultuser/nibolib/lib/libnibo2.a(leds.o)
                0x00001ee4                leds_get_status_intensity
 .text.leds_set_headlights
                0x00001eee        0xa /home/defaultuser/nibolib/lib/libnibo2.a(leds.o)
                0x00001eee                leds_set_headlights
 .text.leds_get_headlights
                0x00001ef8        0xa /home/defaultuser/nibolib/lib/libnibo2.a(leds.o)
                0x00001ef8                leds_get_headlights
 .text.leds_set_displaylight
                0x00001f02        0xa /home/defaultuser/nibolib/lib/libnibo2.a(leds.o)
                0x00001f02                leds_set_displaylight
 .text.leds_get_displaylight
                0x00001f0c        0xa /home/defaultuser/nibolib/lib/libnibo2.a(leds.o)
                0x00001f0c                leds_get_displaylight
 .text.sound_init
                0x00001f16        0x4 /home/defaultuser/nibolib/lib/libnibo2.a(sound.o)
                0x00001f16                sound_init
 .text.sound_tone
                0x00001f1a       0x50 /home/defaultuser/nibolib/lib/libnibo2.a(sound.o)
                0x00001f1a                sound_tone
 .text.adc_init
                0x00001f6a       0x26 /home/defaultuser/nibolib/lib/libnibo2.a(adc.o)
                0x00001f6a                adc_init
 .text.adc_read
                0x00001f90       0x3c /home/defaultuser/nibolib/lib/libnibo2.a(adc.o)
                0x00001f90                adc_read
 .text.adc_get_random_seed
                0x00001fcc        0xa /home/defaultuser/nibolib/lib/libnibo2.a(adc.o)
                0x00001fcc                adc_get_random_seed
 .text.avr-libc.fplib
                0x00001fd6        0xa /usr/lib/gcc/avr/4.3.4/../../../avr/lib/avr51/libm.a(addsf3.o)
                0x00001fd6                __subsf3
                0x00001fd8                __addsf3
 .text.avr-libc.fplib
                0x00001fe0       0xc0 /usr/lib/gcc/avr/4.3.4/../../../avr/lib/avr51/libm.a(addsf3x.o)
                0x00001ffa                __addsf3x
 .text.avr-libc.fplib
                0x000020a0       0x7a /usr/lib/gcc/avr/4.3.4/../../../avr/lib/avr51/libm.a(floatsisf.o)
                0x000020a0                __floatunsisf
                0x000020a4                __floatsisf
 .text.avr-libc.fplib
                0x0000211a        0xc /usr/lib/gcc/avr/4.3.4/../../../avr/lib/avr51/libm.a(fp_inf.o)
                0x0000211a                __fp_inf
 .text.avr-libc.fplib
                0x00002126        0x6 /usr/lib/gcc/avr/4.3.4/../../../avr/lib/avr51/libm.a(fp_nan.o)
                0x00002126                __fp_nan
 .text.avr-libc.fplib
                0x0000212c        0xe /usr/lib/gcc/avr/4.3.4/../../../avr/lib/avr51/libm.a(fp_pscA.o)
                0x0000212c                __fp_pscA
 .text.avr-libc.fplib
                0x0000213a        0xe /usr/lib/gcc/avr/4.3.4/../../../avr/lib/avr51/libm.a(fp_pscB.o)
                0x0000213a                __fp_pscB
 .text.avr-libc.fplib
                0x00002148       0x22 /usr/lib/gcc/avr/4.3.4/../../../avr/lib/avr51/libm.a(fp_round.o)
                0x00002148                __fp_round
 .text.avr-libc.fplib
                0x0000216a       0x44 /usr/lib/gcc/avr/4.3.4/../../../avr/lib/avr51/libm.a(fp_split3.o)
                0x0000216a                __fp_split3
                0x0000217a                __fp_splitA
 .text.avr-libc.fplib
                0x000021ae        0xe /usr/lib/gcc/avr/4.3.4/../../../avr/lib/avr51/libm.a(fp_zero.o)
                0x000021ae                __fp_zero
                0x000021b0                __fp_szero
 .text.avr-libc.fplib
                0x000021bc        0x4 /usr/lib/gcc/avr/4.3.4/../../../avr/lib/avr51/libm.a(mulsf3.o)
                0x000021bc                __mulsf3
 .text.avr-libc.fplib
                0x000021c0       0xc2 /usr/lib/gcc/avr/4.3.4/../../../avr/lib/avr51/libm.a(mulsf3x.o)
                0x000021d4                __mulsf3x
                0x000021d8                __mulsf3_pse
 .text.avr-libc
                0x00002282      0x764 /usr/lib/gcc/avr/4.3.4/../../../avr/lib/avr51/libprintf_flt.a(vfprintf_flt.o)
                0x00002282                vfprintf
 .text.i2c_start_transmission
                0x000029e6       0x4e /home/defaultuser/nibolib/lib/libnds3.a(i2cmaster.o)
                0x000029e6                i2c_start_transmission
 .text.i2c_wait_transmission
                0x00002a34       0x4c /home/defaultuser/nibolib/lib/libnds3.a(i2cmaster.o)
                0x00002a34                i2c_wait_transmission
 .text.i2c_status
                0x00002a80        0x6 /home/defaultuser/nibolib/lib/libnds3.a(i2cmaster.o)
                0x00002a80                i2c_status
 .text.i2c_init
                0x00002a86       0x1e /home/defaultuser/nibolib/lib/libnds3.a(i2cmaster.o)
                0x00002a86                i2c_init
 .text.__vector_33
                0x00002aa4      0x14c /home/defaultuser/nibolib/lib/libnds3.a(i2cmaster.o)
                0x00002aa4                __vector_33
 .text.libgcc   0x00002bf0       0x26 /usr/lib/gcc/avr/4.3.4/avr51/libgcc.a(_divmodhi4.o)
                0x00002bf0                __divmodhi4
                0x00002bf0                _div
 .text.libgcc   0x00002c16       0x44 /usr/lib/gcc/avr/4.3.4/avr51/libgcc.a(_udivmodsi4.o)
                0x00002c16                __udivmodsi4
 .text.libgcc   0x00002c5a        0x0 /usr/lib/gcc/avr/4.3.4/avr51/libgcc.a(_exit.o)
 .text.libgcc   0x00002c5a        0x0 /usr/lib/gcc/avr/4.3.4/avr51/libgcc.a(_clear_bss.o)
 .text.libgcc   0x00002c5a       0x28 /usr/lib/gcc/avr/4.3.4/avr51/libgcc.a(_udivmodhi4.o)
                0x00002c5a                __udivmodhi4
 .text.avr-libc
                0x00002c82      0x1b0 /usr/lib/gcc/avr/4.3.4/../../../avr/lib/avr51/libc.a(ftoa_engine.o)
                0x00002c82                __ftoa_engine
 .text.avr-libc
                0x00002e32       0x16 /usr/lib/gcc/avr/4.3.4/../../../avr/lib/avr51/libc.a(strnlen_P.o)
                0x00002e32                strnlen_P
 .text.avr-libc
                0x00002e48        0xe /usr/lib/gcc/avr/4.3.4/../../../avr/lib/avr51/libc.a(strcpy.o)
                0x00002e48                strcpy
 .text.avr-libc
                0x00002e56       0x16 /usr/lib/gcc/avr/4.3.4/../../../avr/lib/avr51/libc.a(strnlen.o)
                0x00002e56                strnlen
 .text.avr-libc
                0x00002e6c       0x58 /usr/lib/gcc/avr/4.3.4/../../../avr/lib/avr51/libc.a(fputc.o)
                0x00002e6c                fputc
 .text.avr-libc
                0x00002ec4       0x62 /usr/lib/gcc/avr/4.3.4/../../../avr/lib/avr51/libc.a(sprintf.o)
                0x00002ec4                sprintf
 .text.avr-libc
                0x00002f26       0xbc /usr/lib/gcc/avr/4.3.4/../../../avr/lib/avr51/libc.a(ultoa_invert.o)
                0x00002f26                __ultoa_invert
                0x00002fe2                . = ALIGN (0x2)
 *(.fini9)
 .fini9         0x00002fe2        0x0 /usr/lib/gcc/avr/4.3.4/avr51/libgcc.a(_exit.o)
                0x00002fe2                exit
                0x00002fe2                _exit
 *(.fini9)
 *(.fini8)
 *(.fini8)
 *(.fini7)
 *(.fini7)
 *(.fini6)
 *(.fini6)
 *(.fini5)
 *(.fini5)
 *(.fini4)
 *(.fini4)
 *(.fini3)
 *(.fini3)
 *(.fini2)
 *(.fini2)
 *(.fini1)
 *(.fini1)
 *(.fini0)
 .fini0         0x00002fe2        0x4 /usr/lib/gcc/avr/4.3.4/avr51/libgcc.a(_exit.o)
 *(.fini0)
                0x00002fe6                _etext = .

.data           0x00800100      0x2d0 load address 0x00002fe6
                0x00800100                PROVIDE (__data_start, .)
 *(.data)
 .data          0x00800100        0x0 /usr/lib/gcc/avr/4.3.4/../../../avr/lib/avr51/crtm128.o
 .data          0x00800100        0x0 ./src/xbee/niboCom.o
 .data          0x00800100        0x0 ./src/xbee/uart0.o
 .data          0x00800100       0x80 ./src/display/advDisplay.o
                0x0080011c                terminal_text
 .data          0x00800180        0xf ./src/Application.o
 .data          0x0080018f        0x0 /home/defaultuser/nibolib/lib/libnibo2.a(display.o)
 .data          0x0080018f        0x0 /home/defaultuser/nibolib/lib/libnibo2.a(pwm.o)
 .data          0x0080018f        0x0 /home/defaultuser/nibolib/lib/libnibo2.a(delay.o)
 .data          0x0080018f        0x0 /home/defaultuser/nibolib/lib/libnibo2.a(spi.o)
 .data          0x0080018f      0x240 /home/defaultuser/nibolib/lib/libnibo2.a(gfx.o)
                0x0080018f                fontTiles
 .data          0x008003cf        0x0 /home/defaultuser/nibolib/lib/libnibo2.a(copro.o)
 .data          0x008003cf        0x0 /home/defaultuser/nibolib/lib/libnibo2.a(bot.o)
 .data          0x008003cf        0x0 /home/defaultuser/nibolib/lib/libnibo2.a(leds.o)
 .data          0x008003cf        0x0 /home/defaultuser/nibolib/lib/libnibo2.a(sound.o)
 .data          0x008003cf        0x0 /home/defaultuser/nibolib/lib/libnibo2.a(adc.o)
 .data          0x008003cf        0x0 /usr/lib/gcc/avr/4.3.4/../../../avr/lib/avr51/libm.a(addsf3.o)
 .data          0x008003cf        0x0 /usr/lib/gcc/avr/4.3.4/../../../avr/lib/avr51/libm.a(addsf3x.o)
 .data          0x008003cf        0x0 /usr/lib/gcc/avr/4.3.4/../../../avr/lib/avr51/libm.a(floatsisf.o)
 .data          0x008003cf        0x0 /usr/lib/gcc/avr/4.3.4/../../../avr/lib/avr51/libm.a(fp_inf.o)
 .data          0x008003cf        0x0 /usr/lib/gcc/avr/4.3.4/../../../avr/lib/avr51/libm.a(fp_nan.o)
 .data          0x008003cf        0x0 /usr/lib/gcc/avr/4.3.4/../../../avr/lib/avr51/libm.a(fp_pscA.o)
 .data          0x008003cf        0x0 /usr/lib/gcc/avr/4.3.4/../../../avr/lib/avr51/libm.a(fp_pscB.o)
 .data          0x008003cf        0x0 /usr/lib/gcc/avr/4.3.4/../../../avr/lib/avr51/libm.a(fp_round.o)
 .data          0x008003cf        0x0 /usr/lib/gcc/avr/4.3.4/../../../avr/lib/avr51/libm.a(fp_split3.o)
 .data          0x008003cf        0x0 /usr/lib/gcc/avr/4.3.4/../../../avr/lib/avr51/libm.a(fp_zero.o)
 .data          0x008003cf        0x0 /usr/lib/gcc/avr/4.3.4/../../../avr/lib/avr51/libm.a(mulsf3.o)
 .data          0x008003cf        0x0 /usr/lib/gcc/avr/4.3.4/../../../avr/lib/avr51/libm.a(mulsf3x.o)
 .data          0x008003cf        0x0 /usr/lib/gcc/avr/4.3.4/../../../avr/lib/avr51/libprintf_flt.a(vfprintf_flt.o)
 .data          0x008003cf        0x0 /home/defaultuser/nibolib/lib/libnds3.a(i2cmaster.o)
 .data          0x008003cf        0x0 /usr/lib/gcc/avr/4.3.4/avr51/libgcc.a(_divmodhi4.o)
 .data          0x008003cf        0x0 /usr/lib/gcc/avr/4.3.4/avr51/libgcc.a(_udivmodsi4.o)
 .data          0x008003cf        0x0 /usr/lib/gcc/avr/4.3.4/avr51/libgcc.a(_exit.o)
 .data          0x008003cf        0x0 /usr/lib/gcc/avr/4.3.4/avr51/libgcc.a(_clear_bss.o)
 .data          0x008003cf        0x0 /usr/lib/gcc/avr/4.3.4/avr51/libgcc.a(_udivmodhi4.o)
 .data          0x008003cf        0x0 /usr/lib/gcc/avr/4.3.4/../../../avr/lib/avr51/libc.a(ftoa_engine.o)
 .data          0x008003cf        0x0 /usr/lib/gcc/avr/4.3.4/../../../avr/lib/avr51/libc.a(strnlen_P.o)
 .data          0x008003cf        0x0 /usr/lib/gcc/avr/4.3.4/../../../avr/lib/avr51/libc.a(strcpy.o)
 .data          0x008003cf        0x0 /usr/lib/gcc/avr/4.3.4/../../../avr/lib/avr51/libc.a(strnlen.o)
 .data          0x008003cf        0x0 /usr/lib/gcc/avr/4.3.4/../../../avr/lib/avr51/libc.a(fputc.o)
 .data          0x008003cf        0x0 /usr/lib/gcc/avr/4.3.4/../../../avr/lib/avr51/libc.a(sprintf.o)
 .data          0x008003cf        0x0 /usr/lib/gcc/avr/4.3.4/../../../avr/lib/avr51/libc.a(ultoa_invert.o)
 *(.data*)
 *(.rodata)
 *(.rodata*)
 *(.gnu.linkonce.d*)
                0x008003d0                . = ALIGN (0x2)
 *fill*         0x008003cf        0x1 00
                0x008003d0                _edata = .
                0x008003d0                PROVIDE (__data_end, .)

.bss            0x008003d0       0xfc
                0x008003d0                PROVIDE (__bss_start, .)
 *(.bss)
 .bss           0x008003d0        0x0 /usr/lib/gcc/avr/4.3.4/../../../avr/lib/avr51/crtm128.o
 .bss           0x008003d0        0x4 ./src/xbee/niboCom.o
                0x008003d0                autoMode
                0x008003d1                startSign
                0x008003d2                lastCMD
                0x008003d3                bufferPos
 .bss           0x008003d4        0x0 ./src/xbee/uart0.o
 .bss           0x008003d4        0x4 ./src/display/advDisplay.o
                0x008003d4                terminal_head
                0x008003d6                terminal_count
 .bss           0x008003d8        0x0 ./src/Application.o
 .bss           0x008003d8        0x0 /home/defaultuser/nibolib/lib/libnibo2.a(display.o)
 .bss           0x008003d8        0x0 /home/defaultuser/nibolib/lib/libnibo2.a(pwm.o)
 .bss           0x008003d8        0x0 /home/defaultuser/nibolib/lib/libnibo2.a(delay.o)
 .bss           0x008003d8        0x0 /home/defaultuser/nibolib/lib/libnibo2.a(spi.o)
 .bss           0x008003d8        0x0 /home/defaultuser/nibolib/lib/libnibo2.a(gfx.o)
 .bss           0x008003d8        0x0 /home/defaultuser/nibolib/lib/libnibo2.a(copro.o)
 .bss           0x008003d8        0x0 /home/defaultuser/nibolib/lib/libnibo2.a(bot.o)
 .bss           0x008003d8        0x0 /home/defaultuser/nibolib/lib/libnibo2.a(leds.o)
 .bss           0x008003d8        0x0 /home/defaultuser/nibolib/lib/libnibo2.a(sound.o)
 .bss           0x008003d8        0x0 /home/defaultuser/nibolib/lib/libnibo2.a(adc.o)
 .bss           0x008003d8        0x0 /usr/lib/gcc/avr/4.3.4/../../../avr/lib/avr51/libm.a(addsf3.o)
 .bss           0x008003d8        0x0 /usr/lib/gcc/avr/4.3.4/../../../avr/lib/avr51/libm.a(addsf3x.o)
 .bss           0x008003d8        0x0 /usr/lib/gcc/avr/4.3.4/../../../avr/lib/avr51/libm.a(floatsisf.o)
 .bss           0x008003d8        0x0 /usr/lib/gcc/avr/4.3.4/../../../avr/lib/avr51/libm.a(fp_inf.o)
 .bss           0x008003d8        0x0 /usr/lib/gcc/avr/4.3.4/../../../avr/lib/avr51/libm.a(fp_nan.o)
 .bss           0x008003d8        0x0 /usr/lib/gcc/avr/4.3.4/../../../avr/lib/avr51/libm.a(fp_pscA.o)
 .bss           0x008003d8        0x0 /usr/lib/gcc/avr/4.3.4/../../../avr/lib/avr51/libm.a(fp_pscB.o)
 .bss           0x008003d8        0x0 /usr/lib/gcc/avr/4.3.4/../../../avr/lib/avr51/libm.a(fp_round.o)
 .bss           0x008003d8        0x0 /usr/lib/gcc/avr/4.3.4/../../../avr/lib/avr51/libm.a(fp_split3.o)
 .bss           0x008003d8        0x0 /usr/lib/gcc/avr/4.3.4/../../../avr/lib/avr51/libm.a(fp_zero.o)
 .bss           0x008003d8        0x0 /usr/lib/gcc/avr/4.3.4/../../../avr/lib/avr51/libm.a(mulsf3.o)
 .bss           0x008003d8        0x0 /usr/lib/gcc/avr/4.3.4/../../../avr/lib/avr51/libm.a(mulsf3x.o)
 .bss           0x008003d8        0x0 /usr/lib/gcc/avr/4.3.4/../../../avr/lib/avr51/libprintf_flt.a(vfprintf_flt.o)
 .bss           0x008003d8        0x0 /home/defaultuser/nibolib/lib/libnds3.a(i2cmaster.o)
 .bss           0x008003d8        0x0 /usr/lib/gcc/avr/4.3.4/avr51/libgcc.a(_divmodhi4.o)
 .bss           0x008003d8        0x0 /usr/lib/gcc/avr/4.3.4/avr51/libgcc.a(_udivmodsi4.o)
 .bss           0x008003d8        0x0 /usr/lib/gcc/avr/4.3.4/avr51/libgcc.a(_exit.o)
 .bss           0x008003d8        0x0 /usr/lib/gcc/avr/4.3.4/avr51/libgcc.a(_clear_bss.o)
 .bss           0x008003d8        0x0 /usr/lib/gcc/avr/4.3.4/avr51/libgcc.a(_udivmodhi4.o)
 .bss           0x008003d8        0x0 /usr/lib/gcc/avr/4.3.4/../../../avr/lib/avr51/libc.a(ftoa_engine.o)
 .bss           0x008003d8        0x0 /usr/lib/gcc/avr/4.3.4/../../../avr/lib/avr51/libc.a(strnlen_P.o)
 .bss           0x008003d8        0x0 /usr/lib/gcc/avr/4.3.4/../../../avr/lib/avr51/libc.a(strcpy.o)
 .bss           0x008003d8        0x0 /usr/lib/gcc/avr/4.3.4/../../../avr/lib/avr51/libc.a(strnlen.o)
 .bss           0x008003d8        0x0 /usr/lib/gcc/avr/4.3.4/../../../avr/lib/avr51/libc.a(fputc.o)
 .bss           0x008003d8        0x0 /usr/lib/gcc/avr/4.3.4/../../../avr/lib/avr51/libc.a(sprintf.o)
 .bss           0x008003d8        0x0 /usr/lib/gcc/avr/4.3.4/../../../avr/lib/avr51/libc.a(ultoa_invert.o)
 *(.bss*)
 *(COMMON)
 COMMON         0x008003d8        0xa ./src/xbee/niboCom.o
                0x008003d8                buffer
 COMMON         0x008003e2       0x14 ./src/xbee/uart0.o
                0x008003e2                uart0_txbuf_begin
                0x008003e3                uart0_rxbuf
                0x008003eb                uart0_txbuf
                0x008003f3                uart0_rxbuf_begin
                0x008003f4                uart0_rxbuf_end
                0x008003f5                uart0_txbuf_end
 COMMON         0x008003f6        0x1 /home/defaultuser/nibolib/lib/libnibo2.a(display.o)
                0x008003f6                display_type
 COMMON         0x008003f7        0xe /home/defaultuser/nibolib/lib/libnibo2.a(pwm.o)
                0x008003f7                pwm_channel_A
                0x008003f9                pwm_channel_B
                0x008003fb                pwm_timer_ms
                0x008003fd                pwm_channel_C
                0x008003ff                pwm_timer_sub
                0x00800401                pwm_timer_sec
 COMMON         0x00800405       0x3e /home/defaultuser/nibolib/lib/libnibo2.a(spi.o)
                0x00800405                spi_tx_buf
                0x00800420                spi_rx_size
                0x00800421                spi_err_cnt
                0x00800422                spi_tx_size
                0x00800423                spi_frame_cnt
                0x00800424                spi_size
                0x00800425                spi_rx_buf
                0x00800440                spi_tx_chk
                0x00800441                spi_pos
                0x00800442                spi_rx_chk
 COMMON         0x00800443        0xe /home/defaultuser/nibolib/lib/libnibo2.a(gfx.o)
                0x00800443                gfx_dm
                0x00800444                gfx_term_row
                0x00800445                gfx_proportional
                0x00800446                gfx_x
                0x00800447                gfx_tile
                0x0080044f                gfx_y
                0x00800450                gfx_term_col
 COMMON         0x00800451       0x5d /home/defaultuser/nibolib/lib/libnibo2.a(copro.o)
                0x00800451                copro_ticks_offset_r
                0x00800453                copro_ticks_offset_l
                0x00800455                copro_current_l
                0x00800457                copro_commands
                0x0080046c                copro_ticks_l
                0x0080046e                copro_rc5_cmd
                0x00800470                copro_distance
                0x0080047a                copro_pos_x
                0x0080047e                copro_pos_ori
                0x00800482                copro_speed_r
                0x00800484                copro_ticks_r
                0x00800486                copro_pos_y
                0x0080048a                copro_ir_mode
                0x0080048b                copro_rc5_count
                0x0080048c                copro_current_r
                0x0080048e                copro_buffer
                0x008004a9                copro_target_distance
                0x008004ab                copro_seq
                0x008004ac                copro_speed_l
 COMMON         0x008004ae        0x2 /home/defaultuser/nibolib/lib/libnibo2.a(bot.o)
                0x008004ae                bot_supply
 COMMON         0x008004b0        0x2 /home/defaultuser/nibolib/lib/libnibo2.a(adc.o)
                0x008004b0                adc_random_seed
 COMMON         0x008004b2       0x1a /home/defaultuser/nibolib/lib/libnds3.a(i2cmaster.o)
                0x008004b2                i2c_buf
                0x008004c6                i2c_state
                0x008004c7                i2c_size
                0x008004c8                i2c_last_TWSR
                0x008004c9                i2c_tx_size
                0x008004ca                i2c_pos
                0x008004cb                i2c_rx_size
                0x008004cc                PROVIDE (__bss_end, .)
                0x00002fe6                __data_load_start = LOADADDR (.data)
                0x000032b6                __data_load_end = (__data_load_start + SIZEOF (.data))

.noinit         0x008004cc        0x0
                0x008004cc                PROVIDE (__noinit_start, .)
 *(.noinit*)
                0x008004cc                PROVIDE (__noinit_end, .)
                0x008004cc                _end = .
                0x008004cc                PROVIDE (__heap_start, .)

.eeprom         0x00810000        0x0
 *(.eeprom*)
                0x00810000                __eeprom_end = .

.fuse
 *(.fuse)
 *(.lfuse)
 *(.hfuse)
 *(.efuse)

.lock
 *(.lock*)

.signature
 *(.signature*)

.stab           0x00000000     0x53f4
 *(.stab)
 .stab          0x00000000      0x750 /usr/lib/gcc/avr/4.3.4/../../../avr/lib/avr51/crtm128.o
 .stab          0x00000750      0x7d4 ./src/xbee/niboCom.o
                                0x7e0 (size before relaxing)
 .stab          0x00000f24      0x4e0 ./src/xbee/uart0.o
                                0x6a8 (size before relaxing)
 .stab          0x00001404      0x4ec ./src/display/advDisplay.o
                                0x69c (size before relaxing)
 .stab          0x000018f0      0x444 ./src/Application.o
                                0x708 (size before relaxing)
 .stab          0x00001d34       0x78 /usr/lib/gcc/avr/4.3.4/../../../avr/lib/avr51/libm.a(addsf3.o)
                                 0x84 (size before relaxing)
 .stab          0x00001dac      0x4bc /usr/lib/gcc/avr/4.3.4/../../../avr/lib/avr51/libm.a(addsf3x.o)
                                0x4c8 (size before relaxing)
 .stab          0x00002268      0x318 /usr/lib/gcc/avr/4.3.4/../../../avr/lib/avr51/libm.a(floatsisf.o)
                                0x324 (size before relaxing)
 .stab          0x00002580       0x78 /usr/lib/gcc/avr/4.3.4/../../../avr/lib/avr51/libm.a(fp_inf.o)
                                 0x84 (size before relaxing)
 .stab          0x000025f8       0x54 /usr/lib/gcc/avr/4.3.4/../../../avr/lib/avr51/libm.a(fp_nan.o)
                                 0x60 (size before relaxing)
 .stab          0x0000264c       0x84 /usr/lib/gcc/avr/4.3.4/../../../avr/lib/avr51/libm.a(fp_pscA.o)
                                 0x90 (size before relaxing)
 .stab          0x000026d0       0x84 /usr/lib/gcc/avr/4.3.4/../../../avr/lib/avr51/libm.a(fp_pscB.o)
                                 0x90 (size before relaxing)
 .stab          0x00002754       0xfc /usr/lib/gcc/avr/4.3.4/../../../avr/lib/avr51/libm.a(fp_round.o)
                                0x108 (size before relaxing)
 .stab          0x00002850      0x1d4 /usr/lib/gcc/avr/4.3.4/../../../avr/lib/avr51/libm.a(fp_split3.o)
                                0x1e0 (size before relaxing)
 .stab          0x00002a24       0x90 /usr/lib/gcc/avr/4.3.4/../../../avr/lib/avr51/libm.a(fp_zero.o)
                                 0x9c (size before relaxing)
 .stab          0x00002ab4       0x48 /usr/lib/gcc/avr/4.3.4/../../../avr/lib/avr51/libm.a(mulsf3.o)
                                 0x54 (size before relaxing)
 .stab          0x00002afc      0x4d4 /usr/lib/gcc/avr/4.3.4/../../../avr/lib/avr51/libm.a(mulsf3x.o)
                                0x4e0 (size before relaxing)
 .stab          0x00002fd0      0xffc /usr/lib/gcc/avr/4.3.4/../../../avr/lib/avr51/libprintf_flt.a(vfprintf_flt.o)
                               0x1044 (size before relaxing)
 .stab          0x00003fcc      0xa38 /usr/lib/gcc/avr/4.3.4/../../../avr/lib/avr51/libc.a(ftoa_engine.o)
                                0xa44 (size before relaxing)
 .stab          0x00004a04       0x9c /usr/lib/gcc/avr/4.3.4/../../../avr/lib/avr51/libc.a(strnlen_P.o)
                                 0xa8 (size before relaxing)
 .stab          0x00004aa0       0x6c /usr/lib/gcc/avr/4.3.4/../../../avr/lib/avr51/libc.a(strcpy.o)
                                 0x78 (size before relaxing)
 .stab          0x00004b0c       0x9c /usr/lib/gcc/avr/4.3.4/../../../avr/lib/avr51/libc.a(strnlen.o)
                                 0xa8 (size before relaxing)
 .stab          0x00004ba8      0x1d4 /usr/lib/gcc/avr/4.3.4/../../../avr/lib/avr51/libc.a(fputc.o)
                                0x3b4 (size before relaxing)
 .stab          0x00004d7c      0x1f8 /usr/lib/gcc/avr/4.3.4/../../../avr/lib/avr51/libc.a(sprintf.o)
                                0x3d8 (size before relaxing)
 .stab          0x00004f74      0x480 /usr/lib/gcc/avr/4.3.4/../../../avr/lib/avr51/libc.a(ultoa_invert.o)
                                0x48c (size before relaxing)

.stabstr        0x00000000     0x1e68
 *(.stabstr)
 .stabstr       0x00000000     0x1e68 /usr/lib/gcc/avr/4.3.4/../../../avr/lib/avr51/crtm128.o

.stab.excl
 *(.stab.excl)

.stab.exclstr
 *(.stab.exclstr)

.stab.index
 *(.stab.index)

.stab.indexstr
 *(.stab.indexstr)

.comment
 *(.comment)

.debug
 *(.debug)

.line
 *(.line)

.debug_srcinfo
 *(.debug_srcinfo)

.debug_sfnames
 *(.debug_sfnames)

.debug_aranges
 *(.debug_aranges)

.debug_pubnames
 *(.debug_pubnames)

.debug_info
 *(.debug_info)
 *(.gnu.linkonce.wi.*)

.debug_abbrev
 *(.debug_abbrev)

.debug_line
 *(.debug_line)

.debug_frame
 *(.debug_frame)

.debug_str
 *(.debug_str)

.debug_loc
 *(.debug_loc)

.debug_macinfo
 *(.debug_macinfo)
OUTPUT(defaultCProject.elf elf32-avr)
LOAD linker stubs
